Component: ARM Compiler 5.05 update 1 (build 106) Tool: armlink [4d0efa]

==============================================================================

Section Cross References

    main.o(.text) refers to delay.o(.text) for delay_init
    main.o(.text) refers to misc.o(.text) for NVIC_PriorityGroupConfig
    main.o(.text) refers to usart.o(.text) for uart_init
    main.o(.text) refers to led.o(.text) for LED_Init
    main.o(.text) refers to lcd.o(.text) for LCD_Init
    main.o(.text) refers to driver.o(.text) for Driver_Init
    main.o(.text) refers to system_stm32f10x.o(.data) for SystemCoreClock
    main.o(.text) refers to usmart_config.o(.data) for usmart_dev
    main.o(.text) refers to lcd.o(.data) for POINT_COLOR
    system_stm32f10x.o(.text) refers to system_stm32f10x.o(.data) for SystemCoreClock
    led.o(.text) refers to stm32f10x_rcc.o(.text) for RCC_APB2PeriphClockCmd
    led.o(.text) refers to stm32f10x_gpio.o(.text) for GPIO_Init
    key.o(.text) refers to stm32f10x_rcc.o(.text) for RCC_APB2PeriphClockCmd
    key.o(.text) refers to stm32f10x_gpio.o(.text) for GPIO_Init
    key.o(.text) refers to delay.o(.text) for delay_ms
    key.o(.text) refers to key.o(.data) for key_up
    lcd.o(.text) refers to _printf_percent.o(.ARM.Collect$$_printf_percent$$00000000) for _printf_percent
    lcd.o(.text) refers to _printf_x.o(.ARM.Collect$$_printf_percent$$0000000C) for _printf_x
    lcd.o(.text) refers to _printf_hex_int.o(.text) for _printf_longlong_hex
    lcd.o(.text) refers to delay.o(.text) for delay_us
    lcd.o(.text) refers to lcd.o(.bss) for lcddev
    lcd.o(.text) refers to lcd.o(.data) for POINT_COLOR
    lcd.o(.text) refers to dflt_clz.o(x$fpl$dfltu) for __aeabi_ui2d
    lcd.o(.text) refers to dmul.o(x$fpl$dmul) for __aeabi_dmul
    lcd.o(.text) refers to dfixu.o(x$fpl$dfixu) for __aeabi_d2uiz
    lcd.o(.text) refers to stm32f10x_rcc.o(.text) for RCC_AHBPeriphClockCmd
    lcd.o(.text) refers to stm32f10x_gpio.o(.text) for GPIO_Init
    lcd.o(.text) refers to stm32f10x_fsmc.o(.text) for FSMC_NORSRAMInit
    lcd.o(.text) refers to noretval__2printf.o(.text) for __2printf
    lcd.o(.text) refers to lcd.o(.constdata) for asc2_1206
    driver.o(.text) refers to _printf_percent.o(.ARM.Collect$$_printf_percent$$00000000) for _printf_percent
    driver.o(.text) refers to _printf_d.o(.ARM.Collect$$_printf_percent$$00000009) for _printf_d
    driver.o(.text) refers to _printf_dec.o(.text) for _printf_int_dec
    driver.o(.text) refers to stm32f10x_rcc.o(.text) for RCC_APB2PeriphClockCmd
    driver.o(.text) refers to stm32f10x_gpio.o(.text) for GPIO_Init
    driver.o(.text) refers to stm32f10x_tim.o(.text) for TIM_TimeBaseStructInit
    driver.o(.text) refers to misc.o(.text) for NVIC_Init
    driver.o(.text) refers to noretval__2printf.o(.text) for __2printf
    driver.o(.text) refers to driver.o(.data) for is_rcr_finish
    driver.o(.text) refers to driver.o(.conststring) for .conststring
    selector.o(.text) refers to stm32f10x_gpio.o(.text) for GPIO_SetBits
    delay.o(.text) refers to misc.o(.text) for SysTick_CLKSourceConfig
    delay.o(.text) refers to system_stm32f10x.o(.data) for SystemCoreClock
    delay.o(.text) refers to delay.o(.data) for fac_us
    usart.o(.text) refers (Special) to use_no_semi_2.o(.text) for __use_no_semihosting
    usart.o(.text) refers to stm32f10x_rcc.o(.text) for RCC_APB2PeriphClockCmd
    usart.o(.text) refers to stm32f10x_gpio.o(.text) for GPIO_Init
    usart.o(.text) refers to misc.o(.text) for NVIC_Init
    usart.o(.text) refers to stm32f10x_usart.o(.text) for USART_Init
    usart.o(.text) refers to selector.o(.text) for AXC_SET_X
    usart.o(.text) refers to driver.o(.text) for Locate_Rle
    usart.o(.text) refers to usart.o(.data) for Rsta
    usart.o(.text) refers to main.o(.data) for CMD
    usart.o(.bss) refers (Special) to use_no_semi_2.o(.text) for __use_no_semihosting
    usart.o(.data) refers (Special) to use_no_semi_2.o(.text) for __use_no_semihosting
    startup_stm32f10x_hd.o(STACK) refers (Special) to heapauxi.o(.text) for __use_two_region_memory
    startup_stm32f10x_hd.o(HEAP) refers (Special) to heapauxi.o(.text) for __use_two_region_memory
    startup_stm32f10x_hd.o(RESET) refers (Special) to heapauxi.o(.text) for __use_two_region_memory
    startup_stm32f10x_hd.o(RESET) refers to startup_stm32f10x_hd.o(STACK) for __initial_sp
    startup_stm32f10x_hd.o(RESET) refers to startup_stm32f10x_hd.o(.text) for Reset_Handler
    startup_stm32f10x_hd.o(RESET) refers to stm32f10x_it.o(.text) for NMI_Handler
    startup_stm32f10x_hd.o(RESET) refers to usmart.o(.text) for TIM4_IRQHandler
    startup_stm32f10x_hd.o(RESET) refers to usart.o(.text) for USART1_IRQHandler
    startup_stm32f10x_hd.o(RESET) refers to driver.o(.text) for TIM8_UP_IRQHandler
    startup_stm32f10x_hd.o(.text) refers (Special) to heapauxi.o(.text) for __use_two_region_memory
[...]
    ../clib/angel/dczerorl2.s                0x00000000   Number         0  __dczerorl2.o ABSOLUTE
    ../clib/angel/handlers.s                 0x00000000   Number         0  __scatter_zi.o ABSOLUTE
    ../clib/angel/kernel.s                   0x00000000   Number         0  __rtentry.o ABSOLUTE
    ../clib/angel/kernel.s                   0x00000000   Number         0  __rtentry2.o ABSOLUTE
    ../clib/angel/kernel.s                   0x00000000   Number         0  __rtentry4.o ABSOLUTE
    ../clib/angel/kernel.s                   0x00000000   Number         0  rtexit.o ABSOLUTE
    ../clib/angel/kernel.s                   0x00000000   Number         0  rtexit2.o ABSOLUTE
    ../clib/angel/rt.s                       0x00000000   Number         0  rt_raise.o ABSOLUTE
    ../clib/angel/scatter.s                  0x00000000   Number         0  __scatter.o ABSOLUTE
    ../clib/angel/startup.s                  0x00000000   Number         0  __main.o ABSOLUTE
    ../clib/angel/sys.s                      0x00000000   Number         0  use_no_semi.o ABSOLUTE
    ../clib/angel/sys.s                      0x00000000   Number         0  sys_stackheap_outer.o ABSOLUTE
    ../clib/angel/sys.s                      0x00000000   Number         0  use_no_semi_2.o ABSOLUTE
    ../clib/angel/sys.s                      0x00000000   Number         0  indicate_semi.o ABSOLUTE
    ../clib/angel/sys.s                      0x00000000   Number         0  libspace.o ABSOLUTE
    ../clib/angel/sysapp.c                   0x00000000   Number         0  sys_wrch.o ABSOLUTE
    ../clib/angel/sysapp.c                   0x00000000   Number         0  sys_command.o ABSOLUTE
    ../clib/armsys.c                         0x00000000   Number         0  argv_veneer.o ABSOLUTE
    ../clib/armsys.c                         0x00000000   Number         0  argv_veneer.o ABSOLUTE
    ../clib/armsys.c                         0x00000000   Number         0  no_argv.o ABSOLUTE
    ../clib/armsys.c                         0x00000000   Number         0  _get_argv_nomalloc.o ABSOLUTE
    ../clib/heapalloc.c                      0x00000000   Number         0  hrguard.o ABSOLUTE
    ../clib/heapaux.c                        0x00000000   Number         0  heapauxi.o ABSOLUTE
    ../clib/libinit.s                        0x00000000   Number         0  libinit.o ABSOLUTE
    ../clib/libinit.s                        0x00000000   Number         0  libshutdown2.o ABSOLUTE
    ../clib/libinit.s                        0x00000000   Number         0  libinit2.o ABSOLUTE
    ../clib/libinit.s                        0x00000000   Number         0  libshutdown.o ABSOLUTE
    ../clib/misc.s                           0x00000000   Number         0  printf_stubs.o ABSOLUTE
    ../clib/printf.c                         0x00000000   Number         0  __printf_nopercent.o ABSOLUTE
    ../clib/printf.c                         0x00000000   Number         0  __2printf.o ABSOLUTE
    ../clib/printf.c                         0x00000000   Number         0  noretval__2printf.o ABSOLUTE
    ../clib/printf.c                         0x00000000   Number         0  __printf.o ABSOLUTE
    ../clib/printf.c                         0x00000000   Number         0  _printf_pad.o ABSOLUTE
    ../clib/printf.c                         0x00000000   Number         0  _printf_str.o ABSOLUTE
    ../clib/printf.c                         0x00000000   Number         0  _printf_dec.o ABSOLUTE
    ../clib/printf.c                         0x00000000   Number         0  _printf_char_common.o ABSOLUTE
    ../clib/printf.c                         0x00000000   Number         0  _printf_hex_ll.o ABSOLUTE
    ../clib/printf.c                         0x00000000   Number         0  _printf_hex_int.o ABSOLUTE
    ../clib/printf.c                         0x00000000   Number         0  _printf_hex_ptr.o ABSOLUTE
    ../clib/printf.c                         0x00000000   Number         0  _printf_hex_int_ptr.o ABSOLUTE
    ../clib/printf.c                         0x00000000   Number         0  _printf_hex_ll_ptr.o ABSOLUTE
    ../clib/printf.c                         0x00000000   Number         0  __printf_flags.o ABSOLUTE
    ../clib/printf.c                         0x00000000   Number         0  __printf_ss.o ABSOLUTE
    ../clib/printf.c                         0x00000000   Number         0  __printf_flags_ss.o ABSOLUTE
    ../clib/printf.c                         0x00000000   Number         0  __printf_wp.o ABSOLUTE
    ../clib/printf.c                         0x00000000   Number         0  __printf_flags_wp.o ABSOLUTE
    ../clib/printf.c                         0x00000000   Number         0  __printf_ss_wp.o ABSOLUTE
    ../clib/printf.c                         0x00000000   Number         0  __printf_flags_ss_wp.o ABSOLUTE
    ../clib/printf.c                         0x00000000   Number         0  _printf_char_file.o ABSOLUTE
    ../clib/printf.c                         0x00000000   Number         0  _printf_char.o ABSOLUTE
    ../clib/printf.c                         0x00000000   Number         0  _printf_hex_int_ll.o ABSOLUTE
    ../clib/printf.c                         0x00000000   Number         0  _printf_intcommon.o ABSOLUTE
    ../clib/printf.c                         0x00000000   Number         0  _printf_hex_int_ll_ptr.o ABSOLUTE
    ../clib/printf_percent.s                 0x00000000   Number         0  _printf_x.o ABSOLUTE
    ../clib/printf_percent.s                 0x00000000   Number         0  _printf_d.o ABSOLUTE
    ../clib/printf_percent.s                 0x00000000   Number         0  _printf_percent_end.o ABSOLUTE
    ../clib/printf_percent.s                 0x00000000   Number         0  _printf_u.o ABSOLUTE
    ../clib/printf_percent.s                 0x00000000   Number         0  _printf_c.o ABSOLUTE
    ../clib/printf_percent.s                 0x00000000   Number         0  _printf_percent.o ABSOLUTE
    ../clib/printf_percent.s                 0x00000000   Number         0  _printf_s.o ABSOLUTE
    ../clib/signal.c                         0x00000000   Number         0  defsig_rtred_inner.o ABSOLUTE
    ../clib/signal.c                         0x00000000   Number         0  defsig_fpe_inner.o ABSOLUTE
    ../clib/signal.c                         0x00000000   Number         0  defsig_segv_inner.o ABSOLUTE
    ../clib/signal.c                         0x00000000   Number         0  defsig_rtmem_inner.o ABSOLUTE
    ../clib/signal.c                         0x00000000   Number         0  defsig_general.o ABSOLUTE
    ../clib/signal.c                         0x00000000   Number         0  defsig_abrt_inner.o ABSOLUTE
    ../clib/signal.c                         0x00000000   Number         0  defsig_rtmem_outer.o ABSOLUTE
    ../clib/signal.c                         0x00000000   Number         0  defsig_other.o ABSOLUTE
    ../clib/signal.c                         0x00000000   Number         0  __raise.o ABSOLUTE
    ../clib/signal.c                         0x00000000   Number         0  defsig_cppl_inner.o ABSOLUTE
    ../clib/signal.c                         0x00000000   Number         0  defsig_rtmem_formal.o ABSOLUTE
    ../clib/signal.c                         0x00000000   Number         0  defsig_pvfn_inner.o ABSOLUTE
    ../clib/signal.c                         0x00000000   Number         0  defsig_exit.o ABSOLUTE
    ../clib/signal.c                         0x00000000   Number         0  defsig_stak_inner.o ABSOLUTE
    ../clib/signal.s                         0x00000000   Number         0  defsig.o ABSOLUTE
    ../clib/stdio.c                          0x00000000   Number         0  ferror.o ABSOLUTE
    ../clib/stdio.c                          0x00000000   Number         0  ferror_locked.o ABSOLUTE
    ../clib/stdlib.c                         0x00000000   Number         0  exit.o ABSOLUTE
    ../fplib/dfixu.s                         0x00000000   Number         0  dfixu.o ABSOLUTE
    ../fplib/dflt.s                          0x00000000   Number         0  dflt_clz.o ABSOLUTE
    ../fplib/dmul.s                          0x00000000   Number         0  dmul.o ABSOLUTE
    ../fplib/dnaninf.s                       0x00000000   Number         0  dnaninf.o ABSOLUTE
    ../fplib/dretinf.s                       0x00000000   Number         0  dretinf.o ABSOLUTE
    ../fplib/fpinit.s                        0x00000000   Number         0  fpinit.o ABSOLUTE
    ../fplib/usenofp.s                       0x00000000   Number         0  usenofp.o ABSOLUTE
    ..\CORE\core_cm3.c                       0x00000000   Number         0  core_cm3.o ABSOLUTE
    ..\CORE\startup_stm32f10x_hd.s           0x00000000   Number         0  startup_stm32f10x_hd.o ABSOLUTE
    ..\HARDWARE\DRIVER\driver.c              0x00000000   Number         0  driver.o ABSOLUTE
    ..\HARDWARE\KEY\key.c                    0x00000000   Number         0  key.o ABSOLUTE
    ..\HARDWARE\LCD\lcd.c                    0x00000000   Number         0  lcd.o ABSOLUTE
    ..\HARDWARE\LED\led.c                    0x00000000   Number         0  led.o ABSOLUTE
    ..\HARDWARE\SELECTOR\selector.c          0x00000000   Number         0  selector.o ABSOLUTE
    ..\STM32F10x_FWLib\src\misc.c            0x00000000   Number         0  misc.o ABSOLUTE
    ..\STM32F10x_FWLib\src\stm32f10x_flash.c 0x00000000   Number         0  stm32f10x_flash.o ABSOLUTE
    ..\STM32F10x_FWLib\src\stm32f10x_fsmc.c  0x00000000   Number         0  stm32f10x_fsmc.o ABSOLUTE
    ..\STM32F10x_FWLib\src\stm32f10x_gpio.c  0x00000000   Number         0  stm32f10x_gpio.o ABSOLUTE
    ..\STM32F10x_FWLib\src\stm32f10x_rcc.c   0x00000000   Number         0  stm32f10x_rcc.o ABSOLUTE
    ..\STM32F10x_FWLib\src\stm32f10x_tim.c   0x00000000   Number         0  stm32f10x_tim.o ABSOLUTE
    ..\STM32F10x_FWLib\src\stm32f10x_usart.c 0x00000000   Number         0  stm32f10x_usart.o ABSOLUTE
    ..\SYSTEM\delay\delay.c                  0x00000000   Number         0  delay.o ABSOLUTE
    ..\SYSTEM\sys\sys.c                      0x00000000   Number         0  sys.o ABSOLUTE
    ..\SYSTEM\usart\usart.c                  0x00000000   Number         0  usart.o ABSOLUTE
    ..\USMART\usmart.c                       0x00000000   Number         0  usmart.o ABSOLUTE
    ..\USMART\usmart_config.c                0x00000000   Number         0  usmart_config.o ABSOLUTE
    ..\USMART\usmart_str.c                   0x00000000   Number         0  usmart_str.o ABSOLUTE
    ..\\CORE\\core_cm3.c                     0x00000000   Number         0  core_cm3.o ABSOLUTE
    ..\\SYSTEM\\sys\\sys.c                   0x00000000   Number         0  sys.o ABSOLUTE
    dc.s                                     0x00000000   Number         0  dc.o ABSOLUTE
    main.c                                   0x00000000   Number         0  main.o ABSOLUTE
    stm32f10x_it.c                           0x00000000   Number         0  stm32f10x_it.o ABSOLUTE
    system_stm32f10x.c                       0x00000000   Number         0  system_stm32f10x.o ABSOLUTE
    RESET                                    0x08000000   Section      304  startup_stm32f10x_hd.o(RESET)
    !!!main                                  0x08000130   Section        8  __main.o(!!!main)
    !!!scatter                               0x08000138   Section       52  __scatter.o(!!!scatter)
    !!dczerorl2                              0x0800016c   Section       90  __dczerorl2.o(!!dczerorl2)
    !!handler_zi                             0x080001c8   Section       28  __scatter_zi.o(!!handler_zi)
    .ARM.Collect$$_printf_percent$$00000000  0x080001e4   Section        0  _printf_percent.o(.ARM.Collect$$_printf_percent$$00000000)
    .ARM.Collect$$_printf_percent$$00000009  0x080001e4   Section        6  _printf_d.o(.ARM.Collect$$_printf_percent$$00000009)
    .ARM.Collect$$_printf_percent$$0000000A  0x080001ea   Section        6  _printf_u.o(.ARM.Collect$$_printf_percent$$0000000A)
    .ARM.Collect$$_printf_percent$$0000000C  0x080001f0   Section        6  _printf_x.o(.ARM.Collect$$_printf_percent$$0000000C)
    .ARM.Collect$$_printf_percent$$00000013  0x080001f6   Section        6  _printf_c.o(.ARM.Collect$$_printf_percent$$00000013)
    .ARM.Collect$$_printf_percent$$00000014  0x080001fc   Section        6  _printf_s.o(.ARM.Collect$$_printf_percent$$00000014)
    .ARM.Collect$$_printf_percent$$00000017  0x08000202   Section        4  _printf_percent_end.o(.ARM.Collect$$_printf_percent$$00000017)
    .ARM.Collect$$libinit$$00000000          0x08000206   Section        2  libinit.o(.ARM.Collect$$libinit$$00000000)
    .ARM.Collect$$libinit$$00000002          0x08000208   Section        0  libinit2.o(.ARM.Collect$$libinit$$00000002)
    .ARM.Collect$$libinit$$00000004          0x08000208   Section        0  libinit2.o(.ARM.Collect$$libinit$$00000004)
    .ARM.Collect$$libinit$$0000000A          0x08000208   Section        0  libinit2.o(.ARM.Collect$$libinit$$0000000A)
    .ARM.Collect$$libinit$$0000000C          0x08000208   Section        0  libinit2.o(.ARM.Collect$$libinit$$0000000C)
    .ARM.Collect$$libinit$$0000000E          0x08000208   Section        0  libinit2.o(.ARM.Collect$$libinit$$0000000E)
    .ARM.Collect$$libinit$$00000011          0x08000208   Section        0  libinit2.o(.ARM.Collect$$libinit$$00000011)
    .ARM.Collect$$libinit$$00000013          0x08000208   Section        0  libinit2.o(.ARM.Collect$$libinit$$00000013)
    .ARM.Collect$$libinit$$00000015          0x08000208   Section        0  libinit2.o(.ARM.Collect$$libinit$$00000015)
    .ARM.Collect$$libinit$$00000017          0x08000208   Section        0  libinit2.o(.ARM.Collect$$libinit$$00000017)
    .ARM.Collect$$libinit$$00000019          0x08000208   Section        0  libinit2.o(.ARM.Collect$$libinit$$00000019)
    .ARM.Collect$$libinit$$0000001B          0x08000208   Section        0  libinit2.o(.ARM.Collect$$libinit$$0000001B)
    .ARM.Collect$$libinit$$0000001D          0x08000208   Section        0  libinit2.o(.ARM.Collect$$libinit$$0000001D)
    .ARM.Collect$$libinit$$0000001F          0x08000208   Section        0  libinit2.o(.ARM.Collect$$libinit$$0000001F)
    .ARM.Collect$$libinit$$00000021          0x08000208   Section        0  libinit2.o(.ARM.Collect$$libinit$$00000021)
    .ARM.Collect$$libinit$$00000023          0x08000208   Section        0  libinit2.o(.ARM.Collect$$libinit$$00000023)
    .ARM.Collect$$libinit$$00000025          0x08000208   Section        0  libinit2.o(.ARM.Collect$$libinit$$00000025)
    .ARM.Collect$$libinit$$0000002C          0x08000208   Section        0  libinit2.o(.ARM.Collect$$libinit$$0000002C)
    .ARM.Collect$$libinit$$0000002E          0x08000208   Section        0  libinit2.o(.ARM.Collect$$libinit$$0000002E)
    .ARM.Collect$$libinit$$00000030          0x08000208   Section        0  libinit2.o(.ARM.Collect$$libinit$$00000030)
    .ARM.Collect$$libinit$$00000032          0x08000208   Section        0  libinit2.o(.ARM.Collect$$libinit$$00000032)
    .ARM.Collect$$libinit$$00000033          0x08000208   Section        2  libinit2.o(.ARM.Collect$$libinit$$00000033)
    .ARM.Collect$$libshutdown$$00000000      0x0800020a   Section        2  libshutdown.o(.ARM.Collect$$libshutdown$$00000000)
    .ARM.Collect$$libshutdown$$00000003      0x0800020c   Section        0  libshutdown2.o(.ARM.Collect$$libshutdown$$00000003)
    .ARM.Collect$$libshutdown$$00000006      0x0800020c   Section        0  libshutdown2.o(.ARM.Collect$$libshutdown$$00000006)
    .ARM.Collect$$libshutdown$$00000009      0x0800020c   Section        0  libshutdown2.o(.ARM.Collect$$libshutdown$$00000009)
    .ARM.Collect$$libshutdown$$0000000B      0x0800020c   Section        0  libshutdown2.o(.ARM.Collect$$libshutdown$$0000000B)
    .ARM.Collect$$libshutdown$$0000000E      0x0800020c   Section        0  libshutdown2.o(.ARM.Collect$$libshutdown$$0000000E)
    .ARM.Collect$$libshutdown$$0000000F      0x0800020c   Section        2  libshutdown2.o(.ARM.Collect$$libshutdown$$0000000F)
    .ARM.Collect$$rtentry$$00000000          0x0800020e   Section        0  __rtentry.o(.ARM.Collect$$rtentry$$00000000)
    .ARM.Collect$$rtentry$$00000002          0x0800020e   Section        0  __rtentry2.o(.ARM.Collect$$rtentry$$00000002)
    .ARM.Collect$$rtentry$$00000004          0x0800020e   Section        6  __rtentry4.o(.ARM.Collect$$rtentry$$00000004)
    .ARM.Collect$$rtentry$$00000009          0x08000214   Section        0  __rtentry2.o(.ARM.Collect$$rtentry$$00000009)
    .ARM.Collect$$rtentry$$0000000A          0x08000214   Section        4  __rtentry2.o(.ARM.Collect$$rtentry$$0000000A)
    .ARM.Collect$$rtentry$$0000000C          0x08000218   Section        0  __rtentry2.o(.ARM.Collect$$rtentry$$0000000C)
    .ARM.Collect$$rtentry$$0000000D          0x08000218   Section        8  __rtentry2.o(.ARM.Collect$$rtentry$$0000000D)
    .ARM.Collect$$rtexit$$00000000           0x08000220   Section        2  rtexit.o(.ARM.Collect$$rtexit$$00000000)
    .ARM.Collect$$rtexit$$00000002           0x08000222   Section        0  rtexit2.o(.ARM.Collect$$rtexit$$00000002)
    .ARM.Collect$$rtexit$$00000003           0x08000222   Section        4  rtexit2.o(.ARM.Collect$$rtexit$$00000003)
    .ARM.Collect$$rtexit$$00000004           0x08000226   Section        6  rtexit2.o(.ARM.Collect$$rtexit$$00000004)
    .text                                    0x0800022c   Section        0  main.o(.text)
    .text                                    0x080002b8   Section        0  stm32f10x_it.o(.text)
    .text                                    0x080002d4   Section        0  system_stm32f10x.o(.text)
    SetSysClockTo72                          0x080002d5   Thumb Code   214  system_stm32f10x.o(.text)
    SetSysClock                              0x080003ab   Thumb Code     8  system_stm32f10x.o(.text)
    .text                                    0x080004b4   Section        0  led.o(.text)
    .text                                    0x08000500   Section        0  lcd.o(.text)
    .text                                    0x08004f5c   Section        0  driver.o(.text)
    .text                                    0x08005350   Section        0  selector.o(.text)
    .text                                    0x0800536c   Section        0  delay.o(.text)
    .text                                    0x08005440   Section        0  usart.o(.text)
    .text                                    0x080055a0   Section       64  startup_stm32f10x_hd.o(.text)
    .text                                    0x080055e0   Section        0  misc.o(.text)
    .text                                    0x080056bc   Section        0  stm32f10x_fsmc.o(.text)
    .text                                    0x08005cc8   Section        0  stm32f10x_gpio.o(.text)
    .text                                    0x08006024   Section        0  stm32f10x_rcc.o(.text)
    .text                                    0x080063c8   Section        0  stm32f10x_tim.o(.text)
    TI4_Config                               0x0800686f   Thumb Code   130  stm32f10x_tim.o(.text)
    TI3_Config                               0x08006903   Thumb Code   122  stm32f10x_tim.o(.text)
    TI2_Config                               0x08006997   Thumb Code   130  stm32f10x_tim.o(.text)
    TI1_Config                               0x08006a2b   Thumb Code   108  stm32f10x_tim.o(.text)
    .text                                    0x080071e4   Section        0  stm32f10x_usart.o(.text)
    .text                                    0x080075ec   Section        0  usmart.o(.text)
    .text                                    0x08008224   Section        0  usmart_str.o(.text)
    .text                                    0x0800874c   Section        2  use_no_semi_2.o(.text)
    .text                                    0x08008750   Section        0  noretval__2printf.o(.text)
    .text                                    0x08008768   Section        0  _printf_pad.o(.text)
    .text                                    0x080087b6   Section        0  _printf_str.o(.text)
    .text                                    0x08008808   Section        0  _printf_dec.o(.text)
    .text                                    0x08008880   Section        0  _printf_hex_int.o(.text)
    .text                                    0x080088d8   Section        0  __printf_flags_ss_wp.o(.text)
    .text                                    0x08008a60   Section        0  heapauxi.o(.text)
    .text                                    0x08008a66   Section        2  use_no_semi.o(.text)
    .text                                    0x08008a68   Section        0  _printf_intcommon.o(.text)
    .text                                    0x08008b1a   Section        0  _printf_char.o(.text)
    .text                                    0x08008b48   Section        0  _printf_char_file.o(.text)
    .text                                    0x08008b6c   Section        0  _printf_char_common.o(.text)
    _printf_input_char                       0x08008b6d   Thumb Code    10  _printf_char_common.o(.text)
    .text                                    0x08008b9c   Section        0  ferror.o(.text)
    .text                                    0x08008ba4   Section       74  sys_stackheap_outer.o(.text)
    .text                                    0x08008bee   Section        0  exit.o(.text)
    .text                                    0x08008bfc   Section        8  libspace.o(.text)
    i._is_digit                              0x08008c04   Section        0  __printf_wp.o(i._is_digit)
    x$fpl$dfixu                              0x08008c14   Section       90  dfixu.o(x$fpl$dfixu)
    x$fpl$dfltu                              0x08008c6e   Section       38  dflt_clz.o(x$fpl$dfltu)
    x$fpl$dmul                               0x08008c94   Section      340  dmul.o(x$fpl$dmul)
    x$fpl$dnaninf                            0x08008de8   Section      156  dnaninf.o(x$fpl$dnaninf)
    x$fpl$dretinf                            0x08008e84   Section       12  dretinf.o(x$fpl$dretinf)
    .constdata                               0x08008e90   Section     6080  lcd.o(.constdata)
    x$fpl$usenofp                            0x08008e90   Section        0  usenofp.o(x$fpl$usenofp)
    .constdata                               0x0800a650   Section       40  _printf_hex_int.o(.constdata)
    uc_hextab                                0x0800a650   Data          20  _printf_hex_int.o(.constdata)
    lc_hextab                                0x0800a664   Data          20  _printf_hex_int.o(.constdata)
    .constdata                               0x0800a678   Section       17  __printf_flags_ss_wp.o(.constdata)
    maptable                                 0x0800a678   Data          17  __printf_flags_ss_wp.o(.constdata)
    .conststring                             0x0800a68c   Section       72  driver.o(.conststring)
    .conststring                             0x0800a6d4   Section       40  usmart.o(.conststring)
    .conststring                             0x0800a6fc   Section      567  usmart_config.o(.conststring)
    .data                                    0x20000000   Section        2  main.o(.data)
    .data                                    0x20000004   Section       20  system_stm32f10x.o(.data)
    .data                                    0x20000018   Section        4  lcd.o(.data)
    .data                                    0x2000001c   Section       17  driver.o(.data)
    .data                                    0x2000002e   Section        4  delay.o(.data)
    fac_us                                   0x2000002e   Data           1  delay.o(.data)
    fac_ms                                   0x20000030   Data           2  delay.o(.data)
    .data                                    0x20000034   Section        7  usart.o(.data)
    .data                                    0x2000003b   Section       20  stm32f10x_rcc.o(.data)
    APBAHBPrescTable                         0x2000003b   Data          16  stm32f10x_rcc.o(.data)
    ADCPrescTable                            0x2000004b   Data           4  stm32f10x_rcc.o(.data)
    .data                                    0x20000050   Section       28  usmart.o(.data)
    .data                                    0x2000006c   Section      356  usmart_config.o(.data)
    .bss                                     0x200001d0   Section       14  lcd.o(.bss)
    .bss                                     0x200001de   Section      200  usart.o(.bss)
    .bss                                     0x200002a8   Section       96  libspace.o(.bss)
    HEAP                                     0x20000308   Section      512  startup_stm32f10x_hd.o(HEAP)
    Heap_Mem                                 0x20000308   Data         512  startup_stm32f10x_hd.o(HEAP)
    STACK                                    0x20000508   Section     1024  startup_stm32f10x_hd.o(STACK)
    Stack_Mem                                0x20000508   Data        1024  startup_stm32f10x_hd.o(STACK)
    __initial_sp                             0x20000908   Data           0  startup_stm32f10x_hd.o(STACK)

    Global Symbols

    Symbol Name                              Value     Ov Type        Size  Object(Section)

    BuildAttributes$$THM_ISAv4$P$D$K$B$S$PE$A:L22UL41UL21$X:L11$S22US41US21$IEEE1$IW$USESV6$~STKCKD$USESV7$~SHL$OSPACE$ROPI$EBA8$UX$STANDARDLIB$REQ8$PRES8$EABIv2 0x00000000   Number         0  anon$$obj.o ABSOLUTE
    __ARM_use_no_argv                        0x00000000   Number         0  main.o ABSOLUTE
    _printf_flags                            0x00000000   Number         0  printf_stubs.o ABSOLUTE
    _printf_return_value                     0x00000000   Number         0  printf_stubs.o ABSOLUTE
    _printf_sizespec                         0x00000000   Number         0  printf_stubs.o ABSOLUTE
    _printf_widthprec                        0x00000000   Number         0  printf_stubs.o ABSOLUTE
    __ARM_exceptions_init                     - Undefined Weak Reference
    __alloca_initialize                       - Undefined Weak Reference
    __arm_preinit_                            - Undefined Weak Reference
    __cpp_initialize__aeabi_                  - Undefined Weak Reference
    __cxa_finalize                            - Undefined Weak Reference
    __rt_locale                               - Undefined Weak Reference
    __sigvec_lookup                           - Undefined Weak Reference
    _atexit_init                              - Undefined Weak Reference
    _call_atexit_fns                          - Undefined Weak Reference
    _clock_init                               - Undefined Weak Reference
    _fp_trap_init                             - Undefined Weak Reference
    _fp_trap_shutdown                         - Undefined Weak Reference
    _get_lc_collate                           - Undefined Weak Reference
    _get_lc_ctype                             - Undefined Weak Reference
    _get_lc_monetary                          - Undefined Weak Reference
    _get_lc_numeric                           - Undefined Weak Reference
    _get_lc_time                              - Undefined Weak Reference
    _getenv_init                              - Undefined Weak Reference
    _handle_redirection                       - Undefined Weak Reference
    _init_alloc                               - Undefined Weak Reference
    _init_user_alloc                          - Undefined Weak Reference
    _initio                                   - Undefined Weak Reference
    _mutex_acquire                            - Undefined Weak Reference
    _mutex_release                            - Undefined Weak Reference
    _printf_mbtowc                            - Undefined Weak Reference
    _printf_truncate_signed                   - Undefined Weak Reference
    _printf_truncate_unsigned                 - Undefined Weak Reference
    _rand_init                                - Undefined Weak Reference
    _signal_finish                            - Undefined Weak Reference
    _signal_init                              - Undefined Weak Reference
    _terminate_alloc                          - Undefined Weak Reference
    _terminate_user_alloc                     - Undefined Weak Reference
    _terminateio                              - Undefined Weak Reference
    __Vectors_Size                           0x00000130   Number         0  startup_stm32f10x_hd.o ABSOLUTE
    __Vectors                                0x08000000   Data           4  startup_stm32f10x_hd.o(RESET)
    __Vectors_End                            0x08000130   Data           0  startup_stm32f10x_hd.o(RESET)
    __main                                   0x08000131   Thumb Code     8  __main.o(!!!main)
    __scatterload                            0x08000139   Thumb Code     0  __scatter.o(!!!scatter)
    __scatterload_rt2                        0x08000139   Thumb Code    44  __scatter.o(!!!scatter)
    __scatterload_rt2_thumb_only             0x08000139   Thumb Code     0  __scatter.o(!!!scatter)
    __scatterload_null                       0x08000147   Thumb Code     0  __scatter.o(!!!scatter)
    __decompress                             0x0800016d   Thumb Code    90  __dczerorl2.o(!!dczerorl2)
    __decompress1                            0x0800016d   Thumb Code     0  __dczerorl2.o(!!dczerorl2)
    __scatterload_zeroinit                   0x080001c9   Thumb Code    28  __scatter_zi.o(!!handler_zi)
    _printf_d                                0x080001e5   Thumb Code     0  _printf_d.o(.ARM.Collect$$_printf_percent$$00000009)
    _printf_percent                          0x080001e5   Thumb Code     0  _printf_percent.o(.ARM.Collect$$_printf_percent$$00000000)
    _printf_u                                0x080001eb   Thumb Code     0  _printf_u.o(.ARM.Collect$$_printf_percent$$0000000A)
    _printf_x                                0x080001f1   Thumb Code     0  _printf_x.o(.ARM.Collect$$_printf_percent$$0000000C)
    _printf_c                                0x080001f7   Thumb Code     0  _printf_c.o(.ARM.Collect$$_printf_percent$$00000013)
    _printf_s                                0x080001fd   Thumb Code     0  _printf_s.o(.ARM.Collect$$_printf_percent$$00000014)
    _printf_percent_end                      0x08000203   Thumb Code     0  _printf_percent_end.o(.ARM.Collect$$_printf_percent$$00000017)
    __rt_lib_init                            0x08000207   Thumb Code     0  libinit.o(.ARM.Collect$$libinit$$00000000)
    __rt_lib_init_alloca_1                   0x08000209   Thumb Code     0  libinit2.o(.ARM.Collect$$libinit$$0000002E)
    __rt_lib_init_argv_1                     0x08000209   Thumb Code     0  libinit2.o(.ARM.Collect$$libinit$$0000002C)
    __rt_lib_init_atexit_1                   0x08000209   Thumb Code     0  libinit2.o(.ARM.Collect$$libinit$$0000001B)
    __rt_lib_init_clock_1                    0x08000209   Thumb Code     0  libinit2.o(.ARM.Collect$$libinit$$00000021)
    __rt_lib_init_cpp_1                      0x08000209   Thumb Code     0  libinit2.o(.ARM.Collect$$libinit$$00000032)
    __rt_lib_init_exceptions_1               0x08000209   Thumb Code     0  libinit2.o(.ARM.Collect$$libinit$$00000030)
    __rt_lib_init_fp_1                       0x08000209   Thumb Code     0  libinit2.o(.ARM.Collect$$libinit$$00000002)
    __rt_lib_init_fp_trap_1                  0x08000209   Thumb Code     0  libinit2.o(.ARM.Collect$$libinit$$0000001F)
    __rt_lib_init_getenv_1                   0x08000209   Thumb Code     0  libinit2.o(.ARM.Collect$$libinit$$00000023)
    __rt_lib_init_heap_1                     0x08000209   Thumb Code     0  libinit2.o(.ARM.Collect$$libinit$$0000000A)
    __rt_lib_init_lc_collate_1               0x08000209   Thumb Code     0  libinit2.o(.ARM.Collect$$libinit$$00000011)
    __rt_lib_init_lc_ctype_1                 0x08000209   Thumb Code     0  libinit2.o(.ARM.Collect$$libinit$$00000013)
    __rt_lib_init_lc_monetary_1              0x08000209   Thumb Code     0  libinit2.o(.ARM.Collect$$libinit$$00000015)
    __rt_lib_init_lc_numeric_1               0x08000209   Thumb Code     0  libinit2.o(.ARM.Collect$$libinit$$00000017)
    __rt_lib_init_lc_time_1                  0x08000209   Thumb Code     0  libinit2.o(.ARM.Collect$$libinit$$00000019)
    __rt_lib_init_preinit_1                  0x08000209   Thumb Code     0  libinit2.o(.ARM.Collect$$libinit$$00000004)
    __rt_lib_init_rand_1                     0x08000209   Thumb Code     0  libinit2.o(.ARM.Collect$$libinit$$0000000E)
    __rt_lib_init_return                     0x08000209   Thumb Code     0  libinit2.o(.ARM.Collect$$libinit$$00000033)
    __rt_lib_init_signal_1                   0x08000209   Thumb Code     0  libinit2.o(.ARM.Collect$$libinit$$0000001D)
    __rt_lib_init_stdio_1                    0x08000209   Thumb Code     0  libinit2.o(.ARM.Collect$$libinit$$00000025)
    __rt_lib_init_user_alloc_1               0x08000209   Thumb Code     0  libinit2.o(.ARM.Collect$$libinit$$0000000C)
    __rt_lib_shutdown                        0x0800020b   Thumb Code     0  libshutdown.o(.ARM.Collect$$libshutdown$$00000000)
    __rt_lib_shutdown_fp_trap_1              0x0800020d   Thumb Code     0  libshutdown2.o(.ARM.Collect$$libshutdown$$00000006)
    __rt_lib_shutdown_heap_1                 0x0800020d   Thumb Code     0  libshutdown2.o(.ARM.Collect$$libshutdown$$0000000E)
    __rt_lib_shutdown_return                 0x0800020d   Thumb Code     0  libshutdown2.o(.ARM.Collect$$libshutdown$$0000000F)
    __rt_lib_shutdown_signal_1               0x0800020d   Thumb Code     0  libshutdown2.o(.ARM.Collect$$libshutdown$$00000009)
    __rt_lib_shutdown_stdio_1                0x0800020d   Thumb Code     0  libshutdown2.o(.ARM.Collect$$libshutdown$$00000003)
    __rt_lib_shutdown_user_alloc_1           0x0800020d   Thumb Code     0  libshutdown2.o(.ARM.Collect$$libshutdown$$0000000B)
    __rt_entry                               0x0800020f   Thumb Code     0  __rtentry.o(.ARM.Collect$$rtentry$$00000000)
    __rt_entry_presh_1                       0x0800020f   Thumb Code     0  __rtentry2.o(.ARM.Collect$$rtentry$$00000002)
    __rt_entry_sh                            0x0800020f   Thumb Code     0  __rtentry4.o(.ARM.Collect$$rtentry$$00000004)
    __rt_entry_li                            0x08000215   Thumb Code     0  __rtentry2.o(.ARM.Collect$$rtentry$$0000000A)
    __rt_entry_postsh_1                      0x08000215   Thumb Code     0  __rtentry2.o(.ARM.Collect$$rtentry$$00000009)
    __rt_entry_main                          0x08000219   Thumb Code     0  __rtentry2.o(.ARM.Collect$$rtentry$$0000000D)
    __rt_entry_postli_1                      0x08000219   Thumb Code     0  __rtentry2.o(.ARM.Collect$$rtentry$$0000000C)
    __rt_exit                                0x08000221   Thumb Code     0  rtexit.o(.ARM.Collect$$rtexit$$00000000)
    __rt_exit_ls                             0x08000223   Thumb Code     0  rtexit2.o(.ARM.Collect$$rtexit$$00000003)
    __rt_exit_prels_1                        0x08000223   Thumb Code     0  rtexit2.o(.ARM.Collect$$rtexit$$00000002)
    __rt_exit_exit                           0x08000227   Thumb Code     0  rtexit2.o(.ARM.Collect$$rtexit$$00000004)
    led_set                                  0x0800022d   Thumb Code     6  main.o(.text)
    test_fun                                 0x08000233   Thumb Code    12  main.o(.text)
    main                                     0x0800023f   Thumb Code    98  main.o(.text)
    NMI_Handler                              0x080002b9   Thumb Code     2  stm32f10x_it.o(.text)
    HardFault_Handler                        0x080002bb   Thumb Code     4  stm32f10x_it.o(.text)
    MemManage_Handler                        0x080002bf   Thumb Code     4  stm32f10x_it.o(.text)
    BusFault_Handler                         0x080002c3   Thumb Code     4  stm32f10x_it.o(.text)
    UsageFault_Handler                       0x080002c7   Thumb Code     4  stm32f10x_it.o(.text)
    SVC_Handler                              0x080002cb   Thumb Code     2  stm32f10x_it.o(.text)
    DebugMon_Handler                         0x080002cd   Thumb Code     2  stm32f10x_it.o(.text)
    PendSV_Handler                           0x080002cf   Thumb Code     2  stm32f10x_it.o(.text)
    SysTick_Handler                          0x080002d1   Thumb Code     2  stm32f10x_it.o(.text)
    SystemInit                               0x080003b3   Thumb Code    78  system_stm32f10x.o(.text)
    SystemCoreClockUpdate                    0x08000401   Thumb Code   142  system_stm32f10x.o(.text)
    LED_Init                                 0x080004b5   Thumb Code    68  led.o(.text)
    LCD_WR_REG                               0x08000501   Thumb Code     6  lcd.o(.text)
    LCD_WR_DATA                              0x08000507   Thumb Code     8  lcd.o(.text)
    LCD_RD_DATA                              0x0800050f   Thumb Code    16  lcd.o(.text)
    LCD_WriteReg                             0x0800051f   Thumb Code    10  lcd.o(.text)
    LCD_ReadReg                              0x08000529   Thumb Code    22  lcd.o(.text)
    LCD_WriteRAM_Prepare                     0x0800053f   Thumb Code    10  lcd.o(.text)
    LCD_WriteRAM                             0x08000549   Thumb Code     8  lcd.o(.text)
    LCD_BGR2RGB                              0x08000551   Thumb Code    26  lcd.o(.text)
    opt_delay                                0x0800056b   Thumb Code    14  lcd.o(.text)
    LCD_SetCursor                            0x08000579   Thumb Code   418  lcd.o(.text)
    LCD_ReadPoint                            0x0800071b   Thumb Code   360  lcd.o(.text)
    LCD_DisplayOn                            0x08000883   Thumb Code   102  lcd.o(.text)
    LCD_DisplayOff                           0x080008e9   Thumb Code    90  lcd.o(.text)
    LCD_Scan_Dir                             0x08000943   Thumb Code   744  lcd.o(.text)
    LCD_DrawPoint                            0x08000c2b   Thumb Code    28  lcd.o(.text)
    LCD_Fast_DrawPoint                       0x08000c47   Thumb Code   384  lcd.o(.text)
    LCD_SSD_BackLightSet                     0x08000dc7   Thumb Code    80  lcd.o(.text)
    LCD_Display_Dir                          0x08000e17   Thumb Code   444  lcd.o(.text)
    LCD_Set_Window                           0x08000fd3   Thumb Code   540  lcd.o(.text)
    LCD_Clear                                0x080011ef   Thumb Code   100  lcd.o(.text)
    LCD_Init                                 0x08001253   Thumb Code 14190  lcd.o(.text)
    LCD_Fill                                 0x080049c1   Thumb Code   178  lcd.o(.text)
    LCD_Color_Fill                           0x08004a73   Thumb Code   106  lcd.o(.text)
    LCD_DrawLine                             0x08004add   Thumb Code   176  lcd.o(.text)
    LCD_DrawRectangle                        0x08004b8d   Thumb Code    60  lcd.o(.text)
    LCD_Draw_Circle                          0x08004bc9   Thumb Code   152  lcd.o(.text)
    LCD_ShowChar                             0x08004c61   Thumb Code   272  lcd.o(.text)
    LCD_Pow                                  0x08004d71   Thumb Code    22  lcd.o(.text)
    LCD_ShowNum                              0x08004d87   Thumb Code   148  lcd.o(.text)
    LCD_ShowxNum                             0x08004e1b   Thumb Code   220  lcd.o(.text)
    LCD_ShowString                           0x08004ef7   Thumb Code   102  lcd.o(.text)
    Driver_Init                              0x08004f5d   Thumb Code    54  driver.o(.text)
    TIM8_OPM_RCR_Init                        0x08004f93   Thumb Code   216  driver.o(.text)
    TIM8_UP_IRQHandler                       0x0800506b   Thumb Code   198  driver.o(.text)
    TIM8_Startup                             0x08005131   Thumb Code    48  driver.o(.text)
    Locate_Rle                               0x08005161   Thumb Code   148  driver.o(.text)
    Locate_Abs                               0x080051f5   Thumb Code   178  driver.o(.text)
    AXC_SET_X                                0x08005351   Thumb Code    12  selector.o(.text)
    AXC_SET_Y                                0x0800535d   Thumb Code    12  selector.o(.text)
    delay_init                               0x0800536d   Thumb Code    50  delay.o(.text)
    delay_us                                 0x0800539f   Thumb Code    72  delay.o(.text)
    delay_ms                                 0x080053e7   Thumb Code    72  delay.o(.text)
    _sys_exit                                0x08005441   Thumb Code     6  usart.o(.text)
    fputc                                    0x08005447   Thumb Code    24  usart.o(.text)
    uart_init                                0x0800545f   Thumb Code   152  usart.o(.text)
    USART1_IRQHandler                        0x080054f7   Thumb Code   154  usart.o(.text)
    Reset_Handler                            0x080055a1   Thumb Code     8  startup_stm32f10x_hd.o(.text)
    ADC1_2_IRQHandler                        0x080055bb   Thumb Code     0  startup_stm32f10x_hd.o(.text)
    ADC3_IRQHandler                          0x080055bb   Thumb Code     0  startup_stm32f10x_hd.o(.text)
    CAN1_RX1_IRQHandler                      0x080055bb   Thumb Code     0  startup_stm32f10x_hd.o(.text)
    CAN1_SCE_IRQHandler                      0x080055bb   Thumb Code     0  startup_stm32f10x_hd.o(.text)
    DMA1_Channel1_IRQHandler                 0x080055bb   Thumb Code     0  startup_stm32f10x_hd.o(.text)
    DMA1_Channel2_IRQHandler                 0x080055bb   Thumb Code     0  startup_stm32f10x_hd.o(.text)
    DMA1_Channel3_IRQHandler                 0x080055bb   Thumb Code     0  startup_stm32f10x_hd.o(.text)
    DMA1_Channel4_IRQHandler                 0x080055bb   Thumb Code     0  startup_stm32f10x_hd.o(.text)
    DMA1_Channel5_IRQHandler                 0x080055bb   Thumb Code     0  startup_stm32f10x_hd.o(.text)
    DMA1_Channel6_IRQHandler                 0x080055bb   Thumb Code     0  startup_stm32f10x_hd.o(.text)
    DMA1_Channel7_IRQHandler                 0x080055bb   Thumb Code     0  startup_stm32f10x_hd.o(.text)
    DMA2_Channel1_IRQHandler                 0x080055bb   Thumb Code     0  startup_stm32f10x_hd.o(.text)
    DMA2_Channel2_IRQHandler                 0x080055bb   Thumb Code     0  startup_stm32f10x_hd.o(.text)
    DMA2_Channel3_IRQHandler                 0x080055bb   Thumb Code     0  startup_stm32f10x_hd.o(.text)
    DMA2_Channel4_5_IRQHandler               0x080055bb   Thumb Code     0  startup_stm32f10x_hd.o(.text)
    EXTI0_IRQHandler                         0x080055bb   Thumb Code     0  startup_stm32f10x_hd.o(.text)
    EXTI15_10_IRQHandler                     0x080055bb   Thumb Code     0  startup_stm32f10x_hd.o(.text)
    EXTI1_IRQHandler                         0x080055bb   Thumb Code     0  startup_stm32f10x_hd.o(.text)
    EXTI2_IRQHandler                         0x080055bb   Thumb Code     0  startup_stm32f10x_hd.o(.text)
    EXTI3_IRQHandler                         0x080055bb   Thumb Code     0  startup_stm32f10x_hd.o(.text)
    EXTI4_IRQHandler                         0x080055bb   Thumb Code     0  startup_stm32f10x_hd.o(.text)
    EXTI9_5_IRQHandler                       0x080055bb   Thumb Code     0  startup_stm32f10x_hd.o(.text)
    FLASH_IRQHandler                         0x080055bb   Thumb Code     0  startup_stm32f10x_hd.o(.text)
    FSMC_IRQHandler                          0x080055bb   Thumb Code     0  startup_stm32f10x_hd.o(.text)
    I2C1_ER_IRQHandler                       0x080055bb   Thumb Code     0  startup_stm32f10x_hd.o(.text)
    I2C1_EV_IRQHandler                       0x080055bb   Thumb Code     0  startup_stm32f10x_hd.o(.text)
    I2C2_ER_IRQHandler                       0x080055bb   Thumb Code     0  startup_stm32f10x_hd.o(.text)
    I2C2_EV_IRQHandler                       0x080055bb   Thumb Code     0  startup_stm32f10x_hd.o(.text)
    PVD_IRQHandler                           0x080055bb   Thumb Code     0  startup_stm32f10x_hd.o(.text)
    RCC_IRQHandler                           0x080055bb   Thumb Code     0  startup_stm32f10x_hd.o(.text)
    RTCAlarm_IRQHandler                      0x080055bb   Thumb Code     0  startup_stm32f10x_hd.o(.text)
    RTC_IRQHandler                           0x080055bb   Thumb Code     0  startup_stm32f10x_hd.o(.text)
    SDIO_IRQHandler                          0x080055bb   Thumb Code     0  startup_stm32f10x_hd.o(.text)
    SPI1_IRQHandler                          0x080055bb   Thumb Code     0  startup_stm32f10x_hd.o(.text)
    SPI2_IRQHandler                          0x080055bb   Thumb Code     0  startup_stm32f10x_hd.o(.text)
    SPI3_IRQHandler                          0x080055bb   Thumb Code     0  startup_stm32f10x_hd.o(.text)
    TAMPER_IRQHandler                        0x080055bb   Thumb Code     0  startup_stm32f10x_hd.o(.text)
    TIM1_BRK_IRQHandler                      0x080055bb   Thumb Code     0  startup_stm32f10x_hd.o(.text)
    TIM1_CC_IRQHandler                       0x080055bb   Thumb Code     0  startup_stm32f10x_hd.o(.text)
    TIM1_TRG_COM_IRQHandler                  0x080055bb   Thumb Code     0  startup_stm32f10x_hd.o(.text)
    TIM1_UP_IRQHandler                       0x080055bb   Thumb Code     0  startup_stm32f10x_hd.o(.text)
    TIM2_IRQHandler                          0x080055bb   Thumb Code     0  startup_stm32f10x_hd.o(.text)
    TIM3_IRQHandler                          0x080055bb   Thumb Code     0  startup_stm32f10x_hd.o(.text)
    TIM5_IRQHandler                          0x080055bb   Thumb Code     0  startup_stm32f10x_hd.o(.text)
    TIM6_IRQHandler                          0x080055bb   Thumb Code     0  startup_stm32f10x_hd.o(.text)
    TIM7_IRQHandler                          0x080055bb   Thumb Code     0  startup_stm32f10x_hd.o(.text)
    TIM8_BRK_IRQHandler                      0x080055bb   Thumb Code     0  startup_stm32f10x_hd.o(.text)
    TIM8_CC_IRQHandler                       0x080055bb   Thumb Code     0  startup_stm32f10x_hd.o(.text)
    TIM8_TRG_COM_IRQHandler                  0x080055bb   Thumb Code     0  startup_stm32f10x_hd.o(.text)
    UART4_IRQHandler                         0x080055bb   Thumb Code     0  startup_stm32f10x_hd.o(.text)
    UART5_IRQHandler                         0x080055bb   Thumb Code     0  startup_stm32f10x_hd.o(.text)
    USART2_IRQHandler                        0x080055bb   Thumb Code     0  startup_stm32f10x_hd.o(.text)
    USART3_IRQHandler                        0x080055bb   Thumb Code     0  startup_stm32f10x_hd.o(.text)
    USBWakeUp_IRQHandler                     0x080055bb   Thumb Code     0  startup_stm32f10x_hd.o(.text)
    USB_HP_CAN1_TX_IRQHandler                0x080055bb   Thumb Code     0  startup_stm32f10x_hd.o(.text)
    USB_LP_CAN1_RX0_IRQHandler               0x080055bb   Thumb Code     0  startup_stm32f10x_hd.o(.text)
    WWDG_IRQHandler                          0x080055bb   Thumb Code     0  startup_stm32f10x_hd.o(.text)
    __user_initial_stackheap                 0x080055bd   Thumb Code     0  startup_stm32f10x_hd.o(.text)
    NVIC_PriorityGroupConfig                 0x080055e1   Thumb Code    10  misc.o(.text)
    NVIC_Init                                0x080055eb   Thumb Code   100  misc.o(.text)
    NVIC_SetVectorTable                      0x0800564f   Thumb Code    14  misc.o(.text)
    NVIC_SystemLPConfig                      0x0800565d   Thumb Code    34  misc.o(.text)
    SysTick_CLKSourceConfig                  0x0800567f   Thumb Code    40  misc.o(.text)
    FSMC_NORSRAMDeInit                       0x080056bd   Thumb Code    54  stm32f10x_fsmc.o(.text)
    FSMC_NANDDeInit                          0x080056f3   Thumb Code    62  stm32f10x_fsmc.o(.text)
    FSMC_PCCARDDeInit                        0x08005731   Thumb Code    36  stm32f10x_fsmc.o(.text)
    FSMC_NORSRAMInit                         0x08005755   Thumb Code   230  stm32f10x_fsmc.o(.text)
    FSMC_NANDInit                            0x0800583b   Thumb Code   132  stm32f10x_fsmc.o(.text)
    FSMC_PCCARDInit                          0x080058bf   Thumb Code   130  stm32f10x_fsmc.o(.text)
    FSMC_NORSRAMStructInit                   0x08005941   Thumb Code   114  stm32f10x_fsmc.o(.text)
    FSMC_NANDStructInit                      0x080059b3   Thumb Code    54  stm32f10x_fsmc.o(.text)
    FSMC_PCCARDStructInit                    0x080059e9   Thumb Code    60  stm32f10x_fsmc.o(.text)
    FSMC_NORSRAMCmd                          0x08005a25   Thumb Code    46  stm32f10x_fsmc.o(.text)
    FSMC_NANDCmd                             0x08005a53   Thumb Code    86  stm32f10x_fsmc.o(.text)
    FSMC_PCCARDCmd                           0x08005aa9   Thumb Code    44  stm32f10x_fsmc.o(.text)
    FSMC_NANDECCCmd                          0x08005ad5   Thumb Code    90  stm32f10x_fsmc.o(.text)
    FSMC_GetECC                              0x08005b2f   Thumb Code    24  stm32f10x_fsmc.o(.text)
    FSMC_ITConfig                            0x08005b47   Thumb Code   128  stm32f10x_fsmc.o(.text)
    FSMC_GetFlagStatus                       0x08005bc7   Thumb Code    54  stm32f10x_fsmc.o(.text)
    FSMC_ClearFlag                           0x08005bfd   Thumb Code    62  stm32f10x_fsmc.o(.text)
    FSMC_GetITStatus                         0x08005c3b   Thumb Code    64  stm32f10x_fsmc.o(.text)
    FSMC_ClearITPendingBit                   0x08005c7b   Thumb Code    68  stm32f10x_fsmc.o(.text)
    GPIO_DeInit                              0x08005cc9   Thumb Code   172  stm32f10x_gpio.o(.text)
    GPIO_AFIODeInit                          0x08005d75   Thumb Code    20  stm32f10x_gpio.o(.text)
    GPIO_Init                                0x08005d89   Thumb Code   278  stm32f10x_gpio.o(.text)
    GPIO_StructInit                          0x08005e9f   Thumb Code    16  stm32f10x_gpio.o(.text)
    GPIO_ReadInputDataBit                    0x08005eaf   Thumb Code    18  stm32f10x_gpio.o(.text)
    GPIO_ReadInputData                       0x08005ec1   Thumb Code     8  stm32f10x_gpio.o(.text)
    GPIO_ReadOutputDataBit                   0x08005ec9   Thumb Code    18  stm32f10x_gpio.o(.text)
    GPIO_ReadOutputData                      0x08005edb   Thumb Code     8  stm32f10x_gpio.o(.text)
    GPIO_SetBits                             0x08005ee3   Thumb Code     4  stm32f10x_gpio.o(.text)
    GPIO_ResetBits                           0x08005ee7   Thumb Code     4  stm32f10x_gpio.o(.text)
    GPIO_WriteBit                            0x08005eeb   Thumb Code    10  stm32f10x_gpio.o(.text)
    GPIO_Write                               0x08005ef5   Thumb Code     4  stm32f10x_gpio.o(.text)
    GPIO_PinLockConfig                       0x08005ef9   Thumb Code    18  stm32f10x_gpio.o(.text)
    GPIO_EventOutputConfig                   0x08005f0b   Thumb Code    26  stm32f10x_gpio.o(.text)
    GPIO_EventOutputCmd                      0x08005f25   Thumb Code     6  stm32f10x_gpio.o(.text)
    GPIO_PinRemapConfig                      0x08005f2b   Thumb Code   138  stm32f10x_gpio.o(.text)
    GPIO_EXTILineConfig                      0x08005fb5   Thumb Code    66  stm32f10x_gpio.o(.text)
    GPIO_ETH_MediaInterfaceConfig            0x08005ff7   Thumb Code     8  stm32f10x_gpio.o(.text)
    RCC_DeInit                               0x08006025   Thumb Code    64  stm32f10x_rcc.o(.text)
    RCC_HSEConfig                            0x08006065   Thumb Code    70  stm32f10x_rcc.o(.text)
    RCC_GetFlagStatus                        0x080060ab   Thumb Code    56  stm32f10x_rcc.o(.text)
    RCC_WaitForHSEStartUp                    0x080060e3   Thumb Code    56  stm32f10x_rcc.o(.text)
    RCC_AdjustHSICalibrationValue            0x0800611b   Thumb Code    20  stm32f10x_rcc.o(.text)
    RCC_HSICmd                               0x0800612f   Thumb Code     6  stm32f10x_rcc.o(.text)
    RCC_PLLConfig                            0x08006135   Thumb Code    24  stm32f10x_rcc.o(.text)
    RCC_PLLCmd                               0x0800614d   Thumb Code     6  stm32f10x_rcc.o(.text)
    RCC_SYSCLKConfig                         0x08006153   Thumb Code    18  stm32f10x_rcc.o(.text)
    RCC_GetSYSCLKSource                      0x08006165   Thumb Code    10  stm32f10x_rcc.o(.text)
    RCC_HCLKConfig                           0x0800616f   Thumb Code    18  stm32f10x_rcc.o(.text)
    RCC_PCLK1Config                          0x08006181   Thumb Code    18  stm32f10x_rcc.o(.text)
    RCC_PCLK2Config                          0x08006193   Thumb Code    20  stm32f10x_rcc.o(.text)
    RCC_ITConfig                             0x080061a7   Thumb Code    26  stm32f10x_rcc.o(.text)
    RCC_USBCLKConfig                         0x080061c1   Thumb Code     8  stm32f10x_rcc.o(.text)
    RCC_ADCCLKConfig                         0x080061c9   Thumb Code    18  stm32f10x_rcc.o(.text)
    RCC_LSEConfig                            0x080061db   Thumb Code    50  stm32f10x_rcc.o(.text)
    RCC_LSICmd                               0x0800620d   Thumb Code     6  stm32f10x_rcc.o(.text)
    RCC_RTCCLKConfig                         0x08006213   Thumb Code    12  stm32f10x_rcc.o(.text)
    RCC_RTCCLKCmd                            0x0800621f   Thumb Code     8  stm32f10x_rcc.o(.text)
    RCC_GetClocksFreq                        0x08006227   Thumb Code   192  stm32f10x_rcc.o(.text)
    RCC_AHBPeriphClockCmd                    0x080062e7   Thumb Code    26  stm32f10x_rcc.o(.text)
    RCC_APB2PeriphClockCmd                   0x08006301   Thumb Code    26  stm32f10x_rcc.o(.text)
    RCC_APB1PeriphClockCmd                   0x0800631b   Thumb Code    26  stm32f10x_rcc.o(.text)
    RCC_APB2PeriphResetCmd                   0x08006335   Thumb Code    26  stm32f10x_rcc.o(.text)
    RCC_APB1PeriphResetCmd                   0x0800634f   Thumb Code    26  stm32f10x_rcc.o(.text)
    RCC_BackupResetCmd                       0x08006369   Thumb Code     8  stm32f10x_rcc.o(.text)
    RCC_ClockSecuritySystemCmd               0x08006371   Thumb Code     6  stm32f10x_rcc.o(.text)
    RCC_MCOConfig                            0x08006377   Thumb Code     6  stm32f10x_rcc.o(.text)
    RCC_ClearFlag                            0x0800637d   Thumb Code    14  stm32f10x_rcc.o(.text)
    RCC_GetITStatus                          0x0800638b   Thumb Code    20  stm32f10x_rcc.o(.text)
    RCC_ClearITPendingBit                    0x0800639f   Thumb Code     6  stm32f10x_rcc.o(.text)
    TIM_DeInit                               0x080063c9   Thumb Code   424  stm32f10x_tim.o(.text)
    TIM_TimeBaseInit                         0x08006571   Thumb Code   122  stm32f10x_tim.o(.text)
    TIM_OC1Init                              0x080065eb   Thumb Code   132  stm32f10x_tim.o(.text)
    TIM_OC2Init                              0x0800666f   Thumb Code   154  stm32f10x_tim.o(.text)
    TIM_OC3Init                              0x08006709   Thumb Code   150  stm32f10x_tim.o(.text)
    TIM_OC4Init                              0x0800679f   Thumb Code   182  stm32f10x_tim.o(.text)
    TIM_SetIC4Prescaler                      0x08006855   Thumb Code    26  stm32f10x_tim.o(.text)
    TIM_SetIC3Prescaler                      0x080068f1   Thumb Code    18  stm32f10x_tim.o(.text)
    TIM_SetIC2Prescaler                      0x0800697d   Thumb Code    26  stm32f10x_tim.o(.text)
    TIM_SetIC1Prescaler                      0x08006a19   Thumb Code    18  stm32f10x_tim.o(.text)
    TIM_ICInit                               0x08006a97   Thumb Code   150  stm32f10x_tim.o(.text)
    TIM_PWMIConfig                           0x08006b2d   Thumb Code   124  stm32f10x_tim.o(.text)
    TIM_BDTRConfig                           0x08006ba9   Thumb Code    32  stm32f10x_tim.o(.text)
    TIM_TimeBaseStructInit                   0x08006bc9   Thumb Code    18  stm32f10x_tim.o(.text)
    TIM_OCStructInit                         0x08006bdb   Thumb Code    20  stm32f10x_tim.o(.text)
    TIM_ICStructInit                         0x08006bef   Thumb Code    18  stm32f10x_tim.o(.text)
    TIM_BDTRStructInit                       0x08006c01   Thumb Code    40  stm32f10x_tim.o(.text)
    TIM_Cmd                                  0x08006c29   Thumb Code    24  stm32f10x_tim.o(.text)
    TIM_CtrlPWMOutputs                       0x08006c41   Thumb Code    30  stm32f10x_tim.o(.text)
    TIM_ITConfig                             0x08006c5f   Thumb Code    18  stm32f10x_tim.o(.text)
    TIM_GenerateEvent                        0x08006c71   Thumb Code     4  stm32f10x_tim.o(.text)
    TIM_DMAConfig                            0x08006c75   Thumb Code    10  stm32f10x_tim.o(.text)
    TIM_DMACmd                               0x08006c7f   Thumb Code    18  stm32f10x_tim.o(.text)
    TIM_InternalClockConfig                  0x08006c91   Thumb Code    12  stm32f10x_tim.o(.text)
    TIM_SelectInputTrigger                   0x08006c9d   Thumb Code    18  stm32f10x_tim.o(.text)
    TIM_ITRxExternalClockConfig              0x08006caf   Thumb Code    24  stm32f10x_tim.o(.text)
    TIM_TIxExternalClockConfig               0x08006cc7   Thumb Code    62  stm32f10x_tim.o(.text)
    TIM_ETRConfig                            0x08006d05   Thumb Code    28  stm32f10x_tim.o(.text)
    TIM_ETRClockMode1Config                  0x08006d21   Thumb Code    54  stm32f10x_tim.o(.text)
    TIM_ETRClockMode2Config                  0x08006d57   Thumb Code    32  stm32f10x_tim.o(.text)
    TIM_PrescalerConfig                      0x08006d77   Thumb Code     6  stm32f10x_tim.o(.text)
    TIM_CounterModeConfig                    0x08006d7d   Thumb Code    18  stm32f10x_tim.o(.text)
    TIM_EncoderInterfaceConfig               0x08006d8f   Thumb Code    66  stm32f10x_tim.o(.text)
    TIM_ForcedOC1Config                      0x08006dd1   Thumb Code    18  stm32f10x_tim.o(.text)
    TIM_ForcedOC2Config                      0x08006de3   Thumb Code    26  stm32f10x_tim.o(.text)
    TIM_ForcedOC3Config                      0x08006dfd   Thumb Code    18  stm32f10x_tim.o(.text)
    TIM_ForcedOC4Config                      0x08006e0f   Thumb Code    26  stm32f10x_tim.o(.text)
    TIM_ARRPreloadConfig                     0x08006e29   Thumb Code    24  stm32f10x_tim.o(.text)
    TIM_SelectCOM                            0x08006e41   Thumb Code    24  stm32f10x_tim.o(.text)
    TIM_SelectCCDMA                          0x08006e59   Thumb Code    24  stm32f10x_tim.o(.text)
    TIM_CCPreloadControl                     0x08006e71   Thumb Code    24  stm32f10x_tim.o(.text)
    TIM_OC1PreloadConfig                     0x08006e89   Thumb Code    18  stm32f10x_tim.o(.text)
    TIM_OC2PreloadConfig                     0x08006e9b   Thumb Code    26  stm32f10x_tim.o(.text)
    TIM_OC3PreloadConfig                     0x08006eb5   Thumb Code    18  stm32f10x_tim.o(.text)
    TIM_OC4PreloadConfig                     0x08006ec7   Thumb Code    26  stm32f10x_tim.o(.text)
    TIM_OC1FastConfig                        0x08006ee1   Thumb Code    18  stm32f10x_tim.o(.text)
    TIM_OC2FastConfig                        0x08006ef3   Thumb Code    26  stm32f10x_tim.o(.text)
    TIM_OC3FastConfig                        0x08006f0d   Thumb Code    18  stm32f10x_tim.o(.text)
    TIM_OC4FastConfig                        0x08006f1f   Thumb Code    26  stm32f10x_tim.o(.text)
    TIM_ClearOC1Ref                          0x08006f39   Thumb Code    18  stm32f10x_tim.o(.text)
    TIM_ClearOC2Ref                          0x08006f4b   Thumb Code    24  stm32f10x_tim.o(.text)
    TIM_ClearOC3Ref                          0x08006f63   Thumb Code    18  stm32f10x_tim.o(.text)
    TIM_ClearOC4Ref                          0x08006f75   Thumb Code    24  stm32f10x_tim.o(.text)
    TIM_OC1PolarityConfig                    0x08006f8d   Thumb Code    18  stm32f10x_tim.o(.text)
    TIM_OC1NPolarityConfig                   0x08006f9f   Thumb Code    18  stm32f10x_tim.o(.text)
    TIM_OC2PolarityConfig                    0x08006fb1   Thumb Code    26  stm32f10x_tim.o(.text)
    TIM_OC2NPolarityConfig                   0x08006fcb   Thumb Code    26  stm32f10x_tim.o(.text)
    TIM_OC3PolarityConfig                    0x08006fe5   Thumb Code    26  stm32f10x_tim.o(.text)
    TIM_OC3NPolarityConfig                   0x08006fff   Thumb Code    26  stm32f10x_tim.o(.text)
    TIM_OC4PolarityConfig                    0x08007019   Thumb Code    26  stm32f10x_tim.o(.text)
    TIM_CCxCmd                               0x08007033   Thumb Code    30  stm32f10x_tim.o(.text)
    TIM_CCxNCmd                              0x08007051   Thumb Code    30  stm32f10x_tim.o(.text)
    TIM_SelectOCxM                           0x0800706f   Thumb Code    82  stm32f10x_tim.o(.text)
    TIM_UpdateDisableConfig                  0x080070c1   Thumb Code    24  stm32f10x_tim.o(.text)
    TIM_UpdateRequestConfig                  0x080070d9   Thumb Code    24  stm32f10x_tim.o(.text)
    TIM_SelectHallSensor                     0x080070f1   Thumb Code    24  stm32f10x_tim.o(.text)
    TIM_SelectOnePulseMode                   0x08007109   Thumb Code    18  stm32f10x_tim.o(.text)
    TIM_SelectOutputTrigger                  0x0800711b   Thumb Code    18  stm32f10x_tim.o(.text)
    TIM_SelectSlaveMode                      0x0800712d   Thumb Code    18  stm32f10x_tim.o(.text)
    TIM_SelectMasterSlaveMode                0x0800713f   Thumb Code    18  stm32f10x_tim.o(.text)
    TIM_SetCounter                           0x08007151   Thumb Code     4  stm32f10x_tim.o(.text)
    TIM_SetAutoreload                        0x08007155   Thumb Code     4  stm32f10x_tim.o(.text)
    TIM_SetCompare1                          0x08007159   Thumb Code     4  stm32f10x_tim.o(.text)
    TIM_SetCompare2                          0x0800715d   Thumb Code     4  stm32f10x_tim.o(.text)
    TIM_SetCompare3                          0x08007161   Thumb Code     4  stm32f10x_tim.o(.text)
    TIM_SetCompare4                          0x08007165   Thumb Code     6  stm32f10x_tim.o(.text)
    TIM_SetClockDivision                     0x0800716b   Thumb Code    18  stm32f10x_tim.o(.text)
    TIM_GetCapture1                          0x0800717d   Thumb Code     6  stm32f10x_tim.o(.text)
    TIM_GetCapture2                          0x08007183   Thumb Code     6  stm32f10x_tim.o(.text)
    TIM_GetCapture3                          0x08007189   Thumb Code     6  stm32f10x_tim.o(.text)
    TIM_GetCapture4                          0x0800718f   Thumb Code     8  stm32f10x_tim.o(.text)
    TIM_GetCounter                           0x08007197   Thumb Code     6  stm32f10x_tim.o(.text)
    TIM_GetPrescaler                         0x0800719d   Thumb Code     6  stm32f10x_tim.o(.text)
    TIM_GetFlagStatus                        0x080071a3   Thumb Code    18  stm32f10x_tim.o(.text)
    TIM_ClearFlag                            0x080071b5   Thumb Code     6  stm32f10x_tim.o(.text)
    TIM_GetITStatus                          0x080071bb   Thumb Code    34  stm32f10x_tim.o(.text)
    TIM_ClearITPendingBit                    0x080071dd   Thumb Code     6  stm32f10x_tim.o(.text)
    USART_DeInit                             0x080071e5   Thumb Code   134  stm32f10x_usart.o(.text)
    USART_Init                               0x0800726b   Thumb Code   210  stm32f10x_usart.o(.text)
    USART_StructInit                         0x0800733d   Thumb Code    24  stm32f10x_usart.o(.text)
    USART_ClockInit                          0x08007355   Thumb Code    34  stm32f10x_usart.o(.text)
    USART_ClockStructInit                    0x08007377   Thumb Code    12  stm32f10x_usart.o(.text)
    USART_Cmd                                0x08007383   Thumb Code    24  stm32f10x_usart.o(.text)
    USART_ITConfig                           0x0800739b   Thumb Code    74  stm32f10x_usart.o(.text)
    USART_DMACmd                             0x080073e5   Thumb Code    18  stm32f10x_usart.o(.text)
    USART_SetAddress                         0x080073f7   Thumb Code    18  stm32f10x_usart.o(.text)
    USART_WakeUpConfig                       0x08007409   Thumb Code    18  stm32f10x_usart.o(.text)
    USART_ReceiverWakeUpCmd                  0x0800741b   Thumb Code    24  stm32f10x_usart.o(.text)
    USART_LINBreakDetectLengthConfig         0x08007433   Thumb Code    18  stm32f10x_usart.o(.text)
    USART_LINCmd                             0x08007445   Thumb Code    24  stm32f10x_usart.o(.text)
    USART_SendData                           0x0800745d   Thumb Code     8  stm32f10x_usart.o(.text)
    USART_ReceiveData                        0x08007465   Thumb Code    10  stm32f10x_usart.o(.text)
    USART_SendBreak                          0x0800746f   Thumb Code    10  stm32f10x_usart.o(.text)
    USART_SetGuardTime                       0x08007479   Thumb Code    16  stm32f10x_usart.o(.text)
    USART_SetPrescaler                       0x08007489   Thumb Code    16  stm32f10x_usart.o(.text)
    USART_SmartCardCmd                       0x08007499   Thumb Code    24  stm32f10x_usart.o(.text)
    USART_SmartCardNACKCmd                   0x080074b1   Thumb Code    24  stm32f10x_usart.o(.text)
    USART_HalfDuplexCmd                      0x080074c9   Thumb Code    24  stm32f10x_usart.o(.text)
    USART_OverSampling8Cmd                   0x080074e1   Thumb Code    22  stm32f10x_usart.o(.text)
    USART_OneBitMethodCmd                    0x080074f7   Thumb Code    24  stm32f10x_usart.o(.text)
    USART_IrDAConfig                         0x0800750f   Thumb Code    18  stm32f10x_usart.o(.text)
    USART_IrDACmd                            0x08007521   Thumb Code    24  stm32f10x_usart.o(.text)
    USART_GetFlagStatus                      0x08007539   Thumb Code    26  stm32f10x_usart.o(.text)
    USART_ClearFlag                          0x08007553   Thumb Code    18  stm32f10x_usart.o(.text)
    USART_GetITStatus                        0x08007565   Thumb Code    84  stm32f10x_usart.o(.text)
    USART_ClearITPendingBit                  0x080075b9   Thumb Code    52  stm32f10x_usart.o(.text)
    usmart_sys_cmd_exe                       0x080075ed   Thumb Code  1554  usmart.o(.text)
    usmart_reset_runtime                     0x08007bff   Thumb Code    38  usmart.o(.text)
    usmart_get_runtime                       0x08007c25   Thumb Code    60  usmart.o(.text)
    TIM4_IRQHandler                          0x08007c61   Thumb Code    46  usmart.o(.text)
    Timer4_Init                              0x08007c8f   Thumb Code    88  usmart.o(.text)
    usmart_init                              0x08007ce7   Thumb Code    36  usmart.o(.text)
    usmart_cmd_rec                           0x08007d0b   Thumb Code   170  usmart.o(.text)
    usmart_exe                               0x08007db5   Thumb Code   870  usmart.o(.text)
    usmart_scan                              0x0800811b   Thumb Code   120  usmart.o(.text)
    read_addr                                0x08008193   Thumb Code     6  usmart.o(.text)
    write_addr                               0x08008199   Thumb Code     4  usmart.o(.text)
    usmart_strcmp                            0x08008225   Thumb Code    34  usmart_str.o(.text)
    usmart_strcopy                           0x08008247   Thumb Code    22  usmart_str.o(.text)
    usmart_strlen                            0x0800825d   Thumb Code    24  usmart_str.o(.text)
    usmart_pow                               0x08008275   Thumb Code    22  usmart_str.o(.text)
    usmart_str2num                           0x0800828b   Thumb Code   202  usmart_str.o(.text)
    usmart_get_cmdname                       0x08008355   Thumb Code    54  usmart_str.o(.text)
    usmart_search_nextc                      0x0800838b   Thumb Code    22  usmart_str.o(.text)
    usmart_get_fname                         0x080083a1   Thumb Code   440  usmart_str.o(.text)
    usmart_get_aparm                         0x08008559   Thumb Code   200  usmart_str.o(.text)
    usmart_get_parmpos                       0x08008621   Thumb Code    26  usmart_str.o(.text)
    usmart_get_fparam                        0x0800863b   Thumb Code   262  usmart_str.o(.text)
    __use_no_semihosting                     0x0800874d   Thumb Code     2  use_no_semi_2.o(.text)
    __2printf                                0x08008751   Thumb Code    20  noretval__2printf.o(.text)
    _printf_pre_padding                      0x08008769   Thumb Code    44  _printf_pad.o(.text)
    _printf_post_padding                     0x08008795   Thumb Code    34  _printf_pad.o(.text)
    _printf_str                              0x080087b7   Thumb Code    82  _printf_str.o(.text)
    _printf_int_dec                          0x08008809   Thumb Code   104  _printf_dec.o(.text)
    _printf_int_hex                          0x08008881   Thumb Code    84  _printf_hex_int.o(.text)
    _printf_longlong_hex                     0x08008881   Thumb Code     0  _printf_hex_int.o(.text)
    __printf                                 0x080088d9   Thumb Code   388  __printf_flags_ss_wp.o(.text)
    __use_two_region_memory                  0x08008a61   Thumb Code     2  heapauxi.o(.text)
    __rt_heap_escrow$2region                 0x08008a63   Thumb Code     2  heapauxi.o(.text)
    __rt_heap_expand$2region                 0x08008a65   Thumb Code     2  heapauxi.o(.text)
    __I$use$semihosting                      0x08008a67   Thumb Code     0  use_no_semi.o(.text)
    __use_no_semihosting_swi                 0x08008a67   Thumb Code     2  use_no_semi.o(.text)
    _printf_int_common                       0x08008a69   Thumb Code   178  _printf_intcommon.o(.text)
    _printf_cs_common                        0x08008b1b   Thumb Code    20  _printf_char.o(.text)
    _printf_char                             0x08008b2f   Thumb Code    16  _printf_char.o(.text)
    _printf_string                           0x08008b3f   Thumb Code     8  _printf_char.o(.text)
    _printf_char_file                        0x08008b49   Thumb Code    32  _printf_char_file.o(.text)
    _printf_char_common                      0x08008b77   Thumb Code    32  _printf_char_common.o(.text)
    ferror                                   0x08008b9d   Thumb Code     8  ferror.o(.text)
    __user_setup_stackheap                   0x08008ba5   Thumb Code    74  sys_stackheap_outer.o(.text)
    exit                                     0x08008bef   Thumb Code    12  exit.o(.text)
    __user_libspace                          0x08008bfd   Thumb Code     8  libspace.o(.text)
    __user_perproc_libspace                  0x08008bfd   Thumb Code     0  libspace.o(.text)
    __user_perthread_libspace                0x08008bfd   Thumb Code     0  libspace.o(.text)
    _is_digit                                0x08008c05   Thumb Code    14  __printf_wp.o(i._is_digit)
    __aeabi_d2uiz                            0x08008c15   Thumb Code     0  dfixu.o(x$fpl$dfixu)
    _dfixu                                   0x08008c15   Thumb Code    90  dfixu.o(x$fpl$dfixu)
    __aeabi_ui2d                             0x08008c6f   Thumb Code     0  dflt_clz.o(x$fpl$dfltu)
    _dfltu                                   0x08008c6f   Thumb Code    38  dflt_clz.o(x$fpl$dfltu)
    __aeabi_dmul                             0x08008c95   Thumb Code     0  dmul.o(x$fpl$dmul)
    _dmul                                    0x08008c95   Thumb Code   332  dmul.o(x$fpl$dmul)
    __fpl_dnaninf                            0x08008de9   Thumb Code   156  dnaninf.o(x$fpl$dnaninf)
    __fpl_dretinf                            0x08008e85   Thumb Code    12  dretinf.o(x$fpl$dretinf)
    __I$use$fp                               0x08008e90   Number         0  usenofp.o(x$fpl$usenofp)
    asc2_1206                                0x08008e90   Data        1140  lcd.o(.constdata)
    asc2_1608                                0x08009304   Data        1520  lcd.o(.constdata)
    asc2_2412                                0x080098f4   Data        3420  lcd.o(.constdata)
    Region$$Table$$Base                      0x0800a934   Number         0  anon$$obj.o(Region$$Table)
    Region$$Table$$Limit                     0x0800a954   Number         0  anon$$obj.o(Region$$Table)
    CMD                                      0x20000000   Data           2  main.o(.data)
    SystemCoreClock                          0x20000004   Data           4  system_stm32f10x.o(.data)
    AHBPrescTable                            0x20000008   Data          16  system_stm32f10x.o(.data)
    POINT_COLOR                              0x20000018   Data           2  lcd.o(.data)
    BACK_COLOR                               0x2000001a   Data           2  lcd.o(.data)
    rcr_remainder                            0x2000001c   Data           1  driver.o(.data)
    is_rcr_finish                            0x2000001d   Data           1  driver.o(.data)
    rcr_integer                              0x20000020   Data           4  driver.o(.data)
    target_pos                               0x20000024   Data           4  driver.o(.data)
    current_pos                              0x20000028   Data           4  driver.o(.data)
    motor_dir                                0x2000002c   Data           1  driver.o(.data)
    __stdout                                 0x20000034   Data           4  usart.o(.data)
    USART_RX_STA                             0x20000038   Data           2  usart.o(.data)
    Rsta                                     0x2000003a   Data           1  usart.o(.data)
    sys_cmd_tab                              0x20000050   Data          28  usmart.o(.data)
    usmart_nametab                           0x2000006c   Data         112  usmart_config.o(.data)
    usmart_dev                               0x200000dc   Data         244  usmart_config.o(.data)
    lcddev                                   0x200001d0   Data          14  lcd.o(.bss)
    USART_RX_BUF                             0x200001de   Data         200  usart.o(.bss)
    __libspace_start                         0x200002a8   Data          96  libspace.o(.bss)
    __temporary_stack_top$libspace           0x20000308   Data           0  libspace.o(.bss)



==============================================================================

Memory Map of the image

  Image Entry point : 0x08000131

  Load Region LR_IROM1 (Base: 0x08000000, Size: 0x0000ab24, Max: 0x00080000, ABSOLUTE, COMPRESSED[0x0000aa00])

    Execution Region ER_IROM1 (Base: 0x08000000, Size: 0x0000a954, Max: 0x00080000, ABSOLUTE)

    Base Addr    Size         Type   Attr      Idx    E Section Name        Object

    0x08000000   0x00000130   Data   RO          360    RESET               startup_stm32f10x_hd.o
    0x08000130   0x00000008   Code   RO          561  * !!!main             c_w.l(__main.o)
    0x08000138   0x00000034   Code   RO          749    !!!scatter          c_w.l(__scatter.o)
    0x0800016c   0x0000005a   Code   RO          747    !!dczerorl2         c_w.l(__dczerorl2.o)
    0x080001c6   0x00000002   PAD
    0x080001c8   0x0000001c   Code   RO          751    !!handler_zi        c_w.l(__scatter_zi.o)
    0x080001e4   0x00000000   Code   RO          558    .ARM.Collect$$_printf_percent$$00000000  c_w.l(_printf_percent.o)
    0x080001e4   0x00000006   Code   RO          556    .ARM.Collect$$_printf_percent$$00000009  c_w.l(_printf_d.o)
    0x080001ea   0x00000006   Code   RO          557    .ARM.Collect$$_printf_percent$$0000000A  c_w.l(_printf_u.o)
    0x080001f0   0x00000006   Code   RO          555    .ARM.Collect$$_printf_percent$$0000000C  c_w.l(_printf_x.o)
    0x080001f6   0x00000006   Code   RO          553    .ARM.Collect$$_printf_percent$$00000013  c_w.l(_printf_c.o)
    0x080001fc   0x00000006   Code   RO          554    .ARM.Collect$$_printf_percent$$00000014  c_w.l(_printf_s.o)
    0x08000202   0x00000004   Code   RO          584    .ARM.Collect$$_printf_percent$$00000017  c_w.l(_printf_percent_end.o)
    0x08000206   0x00000002   Code   RO          622    .ARM.Collect$$libinit$$00000000  c_w.l(libinit.o)
    0x08000208   0x00000000   Code   RO          629    .ARM.Collect$$libinit$$00000002  c_w.l(libinit2.o)
    0x08000208   0x00000000   Code   RO          631    .ARM.Collect$$libinit$$00000004  c_w.l(libinit2.o)
    0x08000208   0x00000000   Code   RO          634    .ARM.Collect$$libinit$$0000000A  c_w.l(libinit2.o)
    0x08000208   0x00000000   Code   RO          636    .ARM.Collect$$libinit$$0000000C  c_w.l(libinit2.o)
    0x08000208   0x00000000   Code   RO          638    .ARM.Collect$$libinit$$0000000E  c_w.l(libinit2.o)
    0x08000208   0x00000000   Code   RO          641    .ARM.Collect$$libinit$$00000011  c_w.l(libinit2.o)
    0x08000208   0x00000000   Code   RO          643    .ARM.Collect$$libinit$$00000013  c_w.l(libinit2.o)
    0x08000208   0x00000000   Code   RO          645    .ARM.Collect$$libinit$$00000015  c_w.l(libinit2.o)
    0x08000208   0x00000000   Code   RO          647    .ARM.Collect$$libinit$$00000017  c_w.l(libinit2.o)
    0x08000208   0x00000000   Code   RO          649    .ARM.Collect$$libinit$$00000019  c_w.l(libinit2.o)
    0x08000208   0x00000000   Code   RO          651    .ARM.Collect$$libinit$$0000001B  c_w.l(libinit2.o)
    0x08000208   0x00000000   Code   RO          653    .ARM.Collect$$libinit$$0000001D  c_w.l(libinit2.o)
    0x08000208   0x00000000   Code   RO          655    .ARM.Collect$$libinit$$0000001F  c_w.l(libinit2.o)
    0x08000208   0x00000000   Code   RO          657    .ARM.Collect$$libinit$$00000021  c_w.l(libinit2.o)
    0x08000208   0x00000000   Code   RO          659    .ARM.Collect$$libinit$$00000023  c_w.l(libinit2.o)
    0x08000208   0x00000000   Code   RO          661    .ARM.Collect$$libinit$$00000025  c_w.l(libinit2.o)
    0x08000208   0x00000000   Code   RO          665    .ARM.Collect$$libinit$$0000002C  c_w.l(libinit2.o)
    0x08000208   0x00000000   Code   RO          667    .ARM.Collect$$libinit$$0000002E  c_w.l(libinit2.o)
    0x08000208   0x00000000   Code   RO          669    .ARM.Collect$$libinit$$00000030  c_w.l(libinit2.o)
    0x08000208   0x00000000   Code   RO          671    .ARM.Collect$$libinit$$00000032  c_w.l(libinit2.o)
    0x08000208   0x00000002   Code   RO          672    .ARM.Collect$$libinit$$00000033  c_w.l(libinit2.o)
    0x0800020a   0x00000002   Code   RO          690    .ARM.Collect$$libshutdown$$00000000  c_w.l(libshutdown.o)
    0x0800020c   0x00000000   Code   RO          701    .ARM.Collect$$libshutdown$$00000003  c_w.l(libshutdown2.o)
    0x0800020c   0x00000000   Code   RO          704    .ARM.Collect$$libshutdown$$00000006  c_w.l(libshutdown2.o)
    0x0800020c   0x00000000   Code   RO          707    .ARM.Collect$$libshutdown$$00000009  c_w.l(libshutdown2.o)
    0x0800020c   0x00000000   Code   RO          709    .ARM.Collect$$libshutdown$$0000000B  c_w.l(libshutdown2.o)
    0x0800020c   0x00000000   Code   RO          712    .ARM.Collect$$libshutdown$$0000000E  c_w.l(libshutdown2.o)
    0x0800020c   0x00000002   Code   RO          713    .ARM.Collect$$libshutdown$$0000000F  c_w.l(libshutdown2.o)
    0x0800020e   0x00000000   Code   RO          577    .ARM.Collect$$rtentry$$00000000  c_w.l(__rtentry.o)
    0x0800020e   0x00000000   Code   RO          591    .ARM.Collect$$rtentry$$00000002  c_w.l(__rtentry2.o)
    0x0800020e   0x00000006   Code   RO          603    .ARM.Collect$$rtentry$$00000004  c_w.l(__rtentry4.o)
    0x08000214   0x00000000   Code   RO          593    .ARM.Collect$$rtentry$$00000009  c_w.l(__rtentry2.o)
    0x08000214   0x00000004   Code   RO          594    .ARM.Collect$$rtentry$$0000000A  c_w.l(__rtentry2.o)
    0x08000218   0x00000000   Code   RO          596    .ARM.Collect$$rtentry$$0000000C  c_w.l(__rtentry2.o)
    0x08000218   0x00000008   Code   RO          597    .ARM.Collect$$rtentry$$0000000D  c_w.l(__rtentry2.o)
    0x08000220   0x00000002   Code   RO          626    .ARM.Collect$$rtexit$$00000000  c_w.l(rtexit.o)
    0x08000222   0x00000000   Code   RO          674    .ARM.Collect$$rtexit$$00000002  c_w.l(rtexit2.o)
    0x08000222   0x00000004   Code   RO          675    .ARM.Collect$$rtexit$$00000003  c_w.l(rtexit2.o)
    0x08000226   0x00000006   Code   RO          676    .ARM.Collect$$rtexit$$00000004  c_w.l(rtexit2.o)
    0x0800022c   0x0000008c   Code   RO            1    .text               main.o
    0x080002b8   0x0000001a   Code   RO          148    .text               stm32f10x_it.o
    0x080002d2   0x00000002   PAD
    0x080002d4   0x000001e0   Code   RO          189    .text               system_stm32f10x.o
    0x080004b4   0x0000004c   Code   RO          207    .text               led.o
    0x08000500   0x00004a5c   Code   RO          232    .text               lcd.o
    0x08004f5c   0x000003f4   Code   RO          259    .text               driver.o
    0x08005350   0x0000001c   Code   RO          278    .text               selector.o
    0x0800536c   0x000000d4   Code   RO          290    .text               delay.o
    0x08005440   0x00000160   Code   RO          321    .text               usart.o
    0x080055a0   0x00000040   Code   RO          361    .text               startup_stm32f10x_hd.o
    0x080055e0   0x000000dc   Code   RO          365    .text               misc.o
    0x080056bc   0x0000060c   Code   RO          389    .text               stm32f10x_fsmc.o
    0x08005cc8   0x0000035c   Code   RO          401    .text               stm32f10x_gpio.o
    0x08006024   0x000003a4   Code   RO          413    .text               stm32f10x_rcc.o
    0x080063c8   0x00000e1a   Code   RO          427    .text               stm32f10x_tim.o
    0x080071e2   0x00000002   PAD
    0x080071e4   0x00000408   Code   RO          439    .text               stm32f10x_usart.o
    0x080075ec   0x00000c38   Code   RO          451    .text               usmart.o
    0x08008224   0x00000528   Code   RO          484    .text               usmart_str.o
    0x0800874c   0x00000002   Code   RO          498    .text               c_w.l(use_no_semi_2.o)
    0x0800874e   0x00000002   PAD
    0x08008750   0x00000018   Code   RO          502    .text               c_w.l(noretval__2printf.o)
    0x08008768   0x0000004e   Code   RO          506    .text               c_w.l(_printf_pad.o)
    0x080087b6   0x00000052   Code   RO          508    .text               c_w.l(_printf_str.o)
    0x08008808   0x00000078   Code   RO          510    .text               c_w.l(_printf_dec.o)
    0x08008880   0x00000058   Code   RO          515    .text               c_w.l(_printf_hex_int.o)
    0x080088d8   0x00000188   Code   RO          550    .text               c_w.l(__printf_flags_ss_wp.o)
    0x08008a60   0x00000006   Code   RO          559    .text               c_w.l(heapauxi.o)
    0x08008a66   0x00000002   Code   RO          575    .text               c_w.l(use_no_semi.o)
    0x08008a68   0x000000b2   Code   RO          578    .text               c_w.l(_printf_intcommon.o)
    0x08008b1a   0x0000002c   Code   RO          580    .text               c_w.l(_printf_char.o)
    0x08008b46   0x00000002   PAD
    0x08008b48   0x00000024   Code   RO          582    .text               c_w.l(_printf_char_file.o)
    0x08008b6c   0x00000030   Code   RO          605    .text               c_w.l(_printf_char_common.o)
    0x08008b9c   0x00000008   Code   RO          607    .text               c_w.l(ferror.o)
    0x08008ba4   0x0000004a   Code   RO          611    .text               c_w.l(sys_stackheap_outer.o)
    0x08008bee   0x0000000c   Code   RO          615    .text               c_w.l(exit.o)
    0x08008bfa   0x00000002   PAD
    0x08008bfc   0x00000008   Code   RO          623    .text               c_w.l(libspace.o)
    0x08008c04   0x0000000e   Code   RO          543    i._is_digit         c_w.l(__printf_wp.o)
    0x08008c12   0x00000002   PAD
    0x08008c14   0x0000005a   Code   RO          563    x$fpl$dfixu         fz_ws.l(dfixu.o)
    0x08008c6e   0x00000026   Code   RO          567    x$fpl$dfltu         fz_ws.l(dflt_clz.o)
    0x08008c94   0x00000154   Code   RO          573    x$fpl$dmul          fz_ws.l(dmul.o)
    0x08008de8   0x0000009c   Code   RO          585    x$fpl$dnaninf       fz_ws.l(dnaninf.o)
    0x08008e84   0x0000000c   Code   RO          587    x$fpl$dretinf       fz_ws.l(dretinf.o)
    0x08008e90   0x00000000   Code   RO          589    x$fpl$usenofp       fz_ws.l(usenofp.o)
    0x08008e90   0x000017c0   Data   RO          234    .constdata          lcd.o
    0x0800a650   0x00000028   Data   RO          516    .constdata          c_w.l(_printf_hex_int.o)
    0x0800a678   0x00000011   Data   RO          551    .constdata          c_w.l(__printf_flags_ss_wp.o)
    0x0800a689   0x00000003   PAD
    0x0800a68c   0x00000048   Data   RO          260    .conststring        driver.o
    0x0800a6d4   0x00000028   Data   RO          452    .conststring        usmart.o
    0x0800a6fc   0x00000237   Data   RO          471    .conststring        usmart_config.o
    0x0800a933   0x00000001   PAD
    0x0800a934   0x00000020   Data   RO          745    Region$$Table       anon$$obj.o


    Execution Region RW_IRAM1 (Base: 0x20000000, Size: 0x00000908, Max: 0x00010000, ABSOLUTE, COMPRESSED[0x000000ac])

    Base Addr    Size         Type   Attr      Idx    E Section Name        Object

    0x20000000   0x00000002   Data   RW            2    .data               main.o
    0x20000002   0x00000002   PAD
    0x20000004   0x00000014   Data   RW          190    .data               system_stm32f10x.o
    0x20000018   0x00000004   Data   RW          235    .data               lcd.o
    0x2000001c   0x00000011   Data   RW          261    .data               driver.o
    0x2000002d   0x00000001   PAD
    0x2000002e   0x00000004   Data   RW          291    .data               delay.o
    0x20000032   0x00000002   PAD
    0x20000034   0x00000007   Data   RW          323    .data               usart.o
    0x2000003b   0x00000014   Data   RW          414    .data               stm32f10x_rcc.o
    0x2000004f   0x00000001   PAD
    0x20000050   0x0000001c   Data   RW          453    .data               usmart.o
    0x2000006c   0x00000164   Data   RW          472    .data               usmart_config.o
    0x200001d0   0x0000000e   Zero   RW          233    .bss                lcd.o
    0x200001de   0x000000c8   Zero   RW          322    .bss                usart.o
    0x200002a6   0x00000002   PAD
    0x200002a8   0x00000060   Zero   RW          624    .bss                c_w.l(libspace.o)
    0x20000308   0x00000200   Zero   RW          359    HEAP                startup_stm32f10x_hd.o
    0x20000508   0x00000400   Zero   RW          358    STACK               startup_stm32f10x_hd.o


==============================================================================

Image component sizes


      Code (inc. data)   RO Data    RW Data    ZI Data      Debug   Object Name

       212         18          0          4          0       1091   delay.o
      1012        170         72         17          0       3001   driver.o
     19036        162       6080          4         14      21822   lcd.o
        76          8          0          0          0        531   led.o
       140         24          0          2          0     262650   main.o
       220         22          0          0          0       1865   misc.o
        28          4          0          0          0        602   selector.o
        64         26        304          0       1536        824   startup_stm32f10x_hd.o
      1548         18          0          0          0       5415   stm32f10x_fsmc.o
       860         38          0          0          0       5713   stm32f10x_gpio.o
        26          0          0          0          0       1214   stm32f10x_it.o
       932         36          0         20          0       8920   stm32f10x_rcc.o
      3610         88          0          0          0      22196   stm32f10x_tim.o
      1032         22          0          0          0       8436   stm32f10x_usart.o
         0          0          0          0          0         32   sys.o
       480         38          0         20          0       1839   system_stm32f10x.o
       352         16          0          7        200       3407   usart.o
      3128       1288         40         28          0       4418   usmart.o
         0          0        567        356          0       1668   usmart_config.o
      1320         12          0          0          0       5121   usmart_str.o

    ----------------------------------------------------------------------
     34080       1990       7096        464       1752     360765   Object Totals
         0          0         32          0          0          0   (incl. Generated)
         4          0          1          6          2          0   (incl. Padding)

    ----------------------------------------------------------------------

      Code (inc. data)   RO Data    RW Data    ZI Data      Debug   Library Member Name

        90          0          0          0          0          0   __dczerorl2.o
         8          0          0          0          0         68   __main.o
       392          4         17          0          0         92   __printf_flags_ss_wp.o
        14          0          0          0          0         68   __printf_wp.o
         0          0          0          0          0          0   __rtentry.o
        12          0          0          0          0          0   __rtentry2.o
         6          0          0          0          0          0   __rtentry4.o
        52          8          0          0          0          0   __scatter.o
        28          0          0          0          0          0   __scatter_zi.o
         6          0          0          0          0          0   _printf_c.o
        44          0          0          0          0        108   _printf_char.o
        48          6          0          0          0         96   _printf_char_common.o
        36          4          0          0          0         80   _printf_char_file.o
         6          0          0          0          0          0   _printf_d.o
       120         16          0          0          0         92   _printf_dec.o
        88          4         40          0          0         88   _printf_hex_int.o
       178          0          0          0          0         88   _printf_intcommon.o
        78          0          0          0          0        108   _printf_pad.o
         0          0          0          0          0          0   _printf_percent.o
         4          0          0          0          0          0   _printf_percent_end.o
         6          0          0          0          0          0   _printf_s.o
        82          0          0          0          0         80   _printf_str.o
         6          0          0          0          0          0   _printf_u.o
         6          0          0          0          0          0   _printf_x.o
        12          0          0          0          0         72   exit.o
         8          0          0          0          0         68   ferror.o
         6          0          0          0          0        152   heapauxi.o
         2          0          0          0          0          0   libinit.o
         2          0          0          0          0          0   libinit2.o
         2          0          0          0          0          0   libshutdown.o
         2          0          0          0          0          0   libshutdown2.o
         8          4          0          0         96         68   libspace.o
        24          4          0          0          0         84   noretval__2printf.o
         2          0          0          0          0          0   rtexit.o
        10          0          0          0          0          0   rtexit2.o
        74          0          0          0          0         80   sys_stackheap_outer.o
         2          0          0          0          0         68   use_no_semi.o
         2          0          0          0          0         68   use_no_semi_2.o
        90          4          0          0          0         92   dfixu.o
        38          0          0          0          0         68   dflt_clz.o
       340         12          0          0          0        104   dmul.o
       156          4          0          0          0         92   dnaninf.o
        12          0          0          0          0         68   dretinf.o
         0          0          0          0          0          0   usenofp.o

    ----------------------------------------------------------------------
      2112         70         60          0         96       2052   Library Totals
        10          0          3          0          0          0   (incl. Padding)

    ----------------------------------------------------------------------

      Code (inc. data)   RO Data    RW Data    ZI Data      Debug   Library Name

      1466         50         57          0         96       1628   c_w.l
       636         20          0          0          0        424   fz_ws.l

    ----------------------------------------------------------------------
      2112         70         60          0         96       2052   Library Totals

    ----------------------------------------------------------------------

==============================================================================


      Code (inc. data)   RO Data    RW Data    ZI Data      Debug   

     36192       2060       7156        464       1848     360161   Grand Totals
     36192       2060       7156        172       1848     360161   ELF Image Totals (compressed)
     36192       2060       7156        172          0          0   ROM Totals

==============================================================================

    Total RO  Size (Code + RO Data)                43348 (  42.33kB)
    Total RW  Size (RW Data + ZI Data)              2312 (   2.26kB)
    Total ROM Size (Code + RO Data + RW Data)      43520 (  42.50kB)

==============================================================================

